Component: ARM Compiler 5.06 update 6 (build 750) Tool: armlink [4d35ed]

==============================================================================

Section Cross References

    startup_stm32f446xx.o(STACK) refers (Special) to heapauxi.o(.text) for __use_two_region_memory
    startup_stm32f446xx.o(HEAP) refers (Special) to heapauxi.o(.text) for __use_two_region_memory
    startup_stm32f446xx.o(RESET) refers (Special) to heapauxi.o(.text) for __use_two_region_memory
    startup_stm32f446xx.o(RESET) refers to startup_stm32f446xx.o(STACK) for __initial_sp
    startup_stm32f446xx.o(RESET) refers to startup_stm32f446xx.o(.text) for Reset_Handler
    startup_stm32f446xx.o(RESET) refers to stm32f4xx_it.o(i.NMI_Handler) for NMI_Handler
    startup_stm32f446xx.o(RESET) refers to stm32f4xx_it.o(i.HardFault_Handler) for HardFault_Handler
    startup_stm32f446xx.o(RESET) refers to stm32f4xx_it.o(i.MemManage_Handler) for MemManage_Handler
    startup_stm32f446xx.o(RESET) refers to stm32f4xx_it.o(i.BusFault_Handler) for BusFault_Handler
    startup_stm32f446xx.o(RESET) refers to stm32f4xx_it.o(i.UsageFault_Handler) for UsageFault_Handler
    startup_stm32f446xx.o(RESET) refers to stm32f4xx_it.o(i.SVC_Handler) for SVC_Handler
    startup_stm32f446xx.o(RESET) refers to stm32f4xx_it.o(i.DebugMon_Handler) for DebugMon_Handler
    startup_stm32f446xx.o(RESET) refers to stm32f4xx_it.o(i.PendSV_Handler) for PendSV_Handler
    startup_stm32f446xx.o(RESET) refers to stm32f4xx_it.o(i.SysTick_Handler) for SysTick_Handler
    startup_stm32f446xx.o(RESET) refers to stm32f4xx_it.o(i.USART2_IRQHandler) for USART2_IRQHandler
    startup_stm32f446xx.o(.text) refers (Special) to heapauxi.o(.text) for __use_two_region_memory
    startup_stm32f446xx.o(.text) refers to system_stm32f4xx.o(i.SystemInit) for SystemInit
    startup_stm32f446xx.o(.text) refers to __main.o(!!!main) for __main
    startup_stm32f446xx.o(.text) refers to startup_stm32f446xx.o(HEAP) for Heap_Mem
    startup_stm32f446xx.o(.text) refers to startup_stm32f446xx.o(STACK) for Stack_Mem
    main.o(i.HAL_UART_RxCpltCallback) refers to gps.o(i.GPS_CallBack) for GPS_CallBack
    main.o(i.SystemClock_Config) refers to rt_memclr_w.o(.text) for __aeabi_memclr4
    main.o(i.SystemClock_Config) refers to stm32f4xx_hal_rcc_ex.o(i.HAL_RCC_OscConfig) for HAL_RCC_OscConfig
    main.o(i.SystemClock_Config) refers to stm32f4xx_hal_pwr_ex.o(i.HAL_PWREx_EnableOverDrive) for HAL_PWREx_EnableOverDrive
    main.o(i.SystemClock_Config) refers to stm32f4xx_hal_rcc.o(i.HAL_RCC_ClockConfig) for HAL_RCC_ClockConfig
    main.o(i.main) refers to stm32f4xx_hal.o(i.HAL_Init) for HAL_Init
    main.o(i.main) refers to main.o(i.SystemClock_Config) for SystemClock_Config
    main.o(i.main) refers to gpio.o(i.MX_GPIO_Init) for MX_GPIO_Init
    main.o(i.main) refers to usart.o(i.MX_USART2_UART_Init) for MX_USART2_UART_Init
    main.o(i.main) refers to usart.o(i.MX_UART4_Init) for MX_UART4_Init
    main.o(i.main) refers to stm32f4xx_hal_uart.o(i.HAL_UART_Transmit) for HAL_UART_Transmit
    main.o(i.main) refers to stm32f4xx_hal_gpio.o(i.HAL_GPIO_WritePin) for HAL_GPIO_WritePin
    main.o(i.main) refers to gps.o(i.GPS_Init) for GPS_Init
    main.o(i.main) refers to gps.o(i.GPS_Process) for GPS_Process
    main.o(i.main) refers to gps.o(i.Print_GPS_Data) for Print_GPS_Data
    main.o(i.main) refers to main.o(.data) for .data
    main.o(i.main) refers to usart.o(.bss) for huart4
    gpio.o(i.MX_GPIO_Init) refers to rt_memclr_w.o(.text) for __aeabi_memclr4
    gpio.o(i.MX_GPIO_Init) refers to stm32f4xx_hal_gpio.o(i.HAL_GPIO_WritePin) for HAL_GPIO_WritePin
    gpio.o(i.MX_GPIO_Init) refers to stm32f4xx_hal_gpio.o(i.HAL_GPIO_Init) for HAL_GPIO_Init
    usart.o(i.HAL_UART_MspDeInit) refers to stm32f4xx_hal_gpio.o(i.HAL_GPIO_DeInit) for HAL_GPIO_DeInit
    usart.o(i.HAL_UART_MspDeInit) refers to stm32f4xx_hal_cortex.o(i.HAL_NVIC_DisableIRQ) for HAL_NVIC_DisableIRQ
    usart.o(i.HAL_UART_MspInit) refers to rt_memclr_w.o(.text) for __aeabi_memclr4
    usart.o(i.HAL_UART_MspInit) refers to stm32f4xx_hal_gpio.o(i.HAL_GPIO_Init) for HAL_GPIO_Init
    usart.o(i.HAL_UART_MspInit) refers to stm32f4xx_hal_cortex.o(i.HAL_NVIC_SetPriority) for HAL_NVIC_SetPriority
    usart.o(i.HAL_UART_MspInit) refers to stm32f4xx_hal_cortex.o(i.HAL_NVIC_EnableIRQ) for HAL_NVIC_EnableIRQ
    usart.o(i.MX_UART4_Init) refers to stm32f4xx_hal_uart.o(i.HAL_UART_Init) for HAL_UART_Init
    usart.o(i.MX_UART4_Init) refers to main.o(i.Error_Handler) for Error_Handler
    usart.o(i.MX_UART4_Init) refers to usart.o(.bss) for .bss
    usart.o(i.MX_USART2_UART_Init) refers to stm32f4xx_hal_uart.o(i.HAL_UART_Init) for HAL_UART_Init
    usart.o(i.MX_USART2_UART_Init) refers to main.o(i.Error_Handler) for Error_Handler
    usart.o(i.MX_USART2_UART_Init) refers to usart.o(.bss) for .bss
    stm32f4xx_it.o(i.SysTick_Handler) refers to stm32f4xx_hal.o(i.HAL_IncTick) for HAL_IncTick
[...]
    .text                                    0x0800170c   Section        0  bigflt0.o(.text)
    .text                                    0x080017f0   Section        8  libspace.o(.text)
    .text                                    0x080017f8   Section       74  sys_stackheap_outer.o(.text)
    .text                                    0x08001844   Section       16  rt_ctype_table.o(.text)
    .text                                    0x08001854   Section        0  scanf_hexfp.o(.text)
    .text                                    0x08001b74   Section        0  scanf_infnan.o(.text)
    .text                                    0x08001ca8   Section        0  exit.o(.text)
    .text                                    0x08001cbc   Section      128  strcmpv7m.o(.text)
    .text                                    0x08001d3c   Section       38  llshl.o(.text)
    .text                                    0x08001d64   Section        0  sys_exit.o(.text)
    .text                                    0x08001d70   Section        2  use_no_semi.o(.text)
    .text                                    0x08001d72   Section        0  indicate_semi.o(.text)
    CL$$btod_d2e                             0x08001d72   Section       62  btod.o(CL$$btod_d2e)
    CL$$btod_d2e_denorm_low                  0x08001db0   Section       70  btod.o(CL$$btod_d2e_denorm_low)
    CL$$btod_d2e_norm_op1                    0x08001df6   Section       96  btod.o(CL$$btod_d2e_norm_op1)
    CL$$btod_div_common                      0x08001e56   Section      824  btod.o(CL$$btod_div_common)
    CL$$btod_e2d                             0x08002190   Section      132  btod.o(CL$$btod_e2d)
    CL$$btod_e2e                             0x08002214   Section      220  btod.o(CL$$btod_e2e)
    CL$$btod_ediv                            0x080022f0   Section       42  btod.o(CL$$btod_ediv)
    CL$$btod_edivd                           0x0800231a   Section       42  btod.o(CL$$btod_edivd)
    CL$$btod_emul                            0x08002344   Section       42  btod.o(CL$$btod_emul)
    CL$$btod_emuld                           0x0800236e   Section       42  btod.o(CL$$btod_emuld)
    CL$$btod_mult_common                     0x08002398   Section      580  btod.o(CL$$btod_mult_common)
    i.BusFault_Handler                       0x080025dc   Section        0  stm32f4xx_it.o(i.BusFault_Handler)
    i.DebugMon_Handler                       0x080025de   Section        0  stm32f4xx_it.o(i.DebugMon_Handler)
    i.Error_Handler                          0x080025e0   Section        0  main.o(i.Error_Handler)
    i.GPS_CallBack                           0x080025e4   Section        0  gps.o(i.GPS_CallBack)
    i.GPS_Init                               0x08002624   Section        0  gps.o(i.GPS_Init)
    i.GPS_Parse_GNRMC                        0x08002650   Section        0  gps.o(i.GPS_Parse_GNRMC)
    i.GPS_Process                            0x080026a4   Section        0  gps.o(i.GPS_Process)
    i.HAL_DMA_Abort                          0x08002734   Section        0  stm32f4xx_hal_dma.o(i.HAL_DMA_Abort)
    i.HAL_DMA_Abort_IT                       0x080027c6   Section        0  stm32f4xx_hal_dma.o(i.HAL_DMA_Abort_IT)
    i.HAL_GPIO_Init                          0x080027ec   Section        0  stm32f4xx_hal_gpio.o(i.HAL_GPIO_Init)
    i.HAL_GPIO_WritePin                      0x080029c8   Section        0  stm32f4xx_hal_gpio.o(i.HAL_GPIO_WritePin)
    i.HAL_GetTick                            0x080029d4   Section        0  stm32f4xx_hal.o(i.HAL_GetTick)
    i.HAL_IncTick                            0x080029e0   Section        0  stm32f4xx_hal.o(i.HAL_IncTick)
    i.HAL_Init                               0x080029f0   Section        0  stm32f4xx_hal.o(i.HAL_Init)
    i.HAL_InitTick                           0x08002a24   Section        0  stm32f4xx_hal.o(i.HAL_InitTick)
    i.HAL_MspInit                            0x08002a64   Section        0  stm32f4xx_hal_msp.o(i.HAL_MspInit)
    i.HAL_NVIC_EnableIRQ                     0x08002a94   Section        0  stm32f4xx_hal_cortex.o(i.HAL_NVIC_EnableIRQ)
    i.HAL_NVIC_SetPriority                   0x08002ab0   Section        0  stm32f4xx_hal_cortex.o(i.HAL_NVIC_SetPriority)
    i.HAL_NVIC_SetPriorityGrouping           0x08002af0   Section        0  stm32f4xx_hal_cortex.o(i.HAL_NVIC_SetPriorityGrouping)
    i.HAL_PWREx_EnableOverDrive              0x08002b14   Section        0  stm32f4xx_hal_pwr_ex.o(i.HAL_PWREx_EnableOverDrive)
    i.HAL_RCC_ClockConfig                    0x08002b84   Section        0  stm32f4xx_hal_rcc.o(i.HAL_RCC_ClockConfig)
    i.HAL_RCC_GetPCLK1Freq                   0x08002cb8   Section        0  stm32f4xx_hal_rcc.o(i.HAL_RCC_GetPCLK1Freq)
    i.HAL_RCC_GetPCLK2Freq                   0x08002cd8   Section        0  stm32f4xx_hal_rcc.o(i.HAL_RCC_GetPCLK2Freq)
    i.HAL_RCC_GetSysClockFreq                0x08002cf8   Section        0  stm32f4xx_hal_rcc_ex.o(i.HAL_RCC_GetSysClockFreq)
    i.HAL_RCC_OscConfig                      0x08002d90   Section        0  stm32f4xx_hal_rcc_ex.o(i.HAL_RCC_OscConfig)
    i.HAL_SYSTICK_Config                     0x08003128   Section        0  stm32f4xx_hal_cortex.o(i.HAL_SYSTICK_Config)
    i.HAL_UARTEx_RxEventCallback             0x08003150   Section        0  stm32f4xx_hal_uart.o(i.HAL_UARTEx_RxEventCallback)
    i.HAL_UART_ErrorCallback                 0x08003152   Section        0  stm32f4xx_hal_uart.o(i.HAL_UART_ErrorCallback)
    i.HAL_UART_IRQHandler                    0x08003154   Section        0  stm32f4xx_hal_uart.o(i.HAL_UART_IRQHandler)
    i.HAL_UART_Init                          0x080033bc   Section        0  stm32f4xx_hal_uart.o(i.HAL_UART_Init)
    i.HAL_UART_MspInit                       0x08003420   Section        0  usart.o(i.HAL_UART_MspInit)
    i.HAL_UART_Receive_IT                    0x080034d8   Section        0  stm32f4xx_hal_uart.o(i.HAL_UART_Receive_IT)
    i.HAL_UART_RxCpltCallback                0x08003502   Section        0  main.o(i.HAL_UART_RxCpltCallback)
    i.HAL_UART_Transmit                      0x08003508   Section        0  stm32f4xx_hal_uart.o(i.HAL_UART_Transmit)
    i.HAL_UART_TxCpltCallback                0x080035ba   Section        0  stm32f4xx_hal_uart.o(i.HAL_UART_TxCpltCallback)
    i.HardFault_Handler                      0x080035bc   Section        0  stm32f4xx_it.o(i.HardFault_Handler)
    i.MX_GPIO_Init                           0x080035c0   Section        0  gpio.o(i.MX_GPIO_Init)
    i.MX_UART4_Init                          0x0800361c   Section        0  usart.o(i.MX_UART4_Init)
    i.MX_USART2_UART_Init                    0x08003654   Section        0  usart.o(i.MX_USART2_UART_Init)
    i.MemManage_Handler                      0x0800368c   Section        0  stm32f4xx_it.o(i.MemManage_Handler)
    i.NMI_Handler                            0x0800368e   Section        0  stm32f4xx_it.o(i.NMI_Handler)
    i.PendSV_Handler                         0x08003690   Section        0  stm32f4xx_it.o(i.PendSV_Handler)
    i.Print_GPS_Data                         0x08003694   Section        0  gps.o(i.Print_GPS_Data)
    i.SVC_Handler                            0x080036e8   Section        0  stm32f4xx_it.o(i.SVC_Handler)
    i.SysTick_Handler                        0x080036ea   Section        0  stm32f4xx_it.o(i.SysTick_Handler)
    i.SystemClock_Config                     0x080036f0   Section        0  main.o(i.SystemClock_Config)
    i.SystemInit                             0x0800378c   Section        0  system_stm32f4xx.o(i.SystemInit)
    i.UART_DMAAbortOnError                   0x080037a8   Section        0  stm32f4xx_hal_uart.o(i.UART_DMAAbortOnError)
    UART_DMAAbortOnError                     0x080037a9   Thumb Code    16  stm32f4xx_hal_uart.o(i.UART_DMAAbortOnError)
    i.UART_EndRxTransfer                     0x080037b8   Section        0  stm32f4xx_hal_uart.o(i.UART_EndRxTransfer)
    UART_EndRxTransfer                       0x080037b9   Thumb Code    78  stm32f4xx_hal_uart.o(i.UART_EndRxTransfer)
    i.UART_Receive_IT                        0x08003806   Section        0  stm32f4xx_hal_uart.o(i.UART_Receive_IT)
    UART_Receive_IT                          0x08003807   Thumb Code   192  stm32f4xx_hal_uart.o(i.UART_Receive_IT)
    i.UART_SetConfig                         0x080038c8   Section        0  stm32f4xx_hal_uart.o(i.UART_SetConfig)
    UART_SetConfig                           0x080038c9   Thumb Code   258  stm32f4xx_hal_uart.o(i.UART_SetConfig)
    i.UART_Start_Receive_IT                  0x080039d4   Section        0  stm32f4xx_hal_uart.o(i.UART_Start_Receive_IT)
    i.UART_WaitOnFlagUntilTimeout            0x08003a0a   Section        0  stm32f4xx_hal_uart.o(i.UART_WaitOnFlagUntilTimeout)
    UART_WaitOnFlagUntilTimeout              0x08003a0b   Thumb Code   120  stm32f4xx_hal_uart.o(i.UART_WaitOnFlagUntilTimeout)
    i.USART2_IRQHandler                      0x08003a84   Section        0  stm32f4xx_it.o(i.USART2_IRQHandler)
    i.UsageFault_Handler                     0x08003a90   Section        0  stm32f4xx_it.o(i.UsageFault_Handler)
    i.__ARM_fpclassify                       0x08003a92   Section        0  fpclassify.o(i.__ARM_fpclassify)
    i.__NVIC_SetPriority                     0x08003ac2   Section        0  stm32f4xx_hal_cortex.o(i.__NVIC_SetPriority)
    __NVIC_SetPriority                       0x08003ac3   Thumb Code    32  stm32f4xx_hal_cortex.o(i.__NVIC_SetPriority)
    i.__hardfp___mathlib_tofloat             0x08003ae8   Section        0  narrow.o(i.__hardfp___mathlib_tofloat)
    i.__hardfp_fmod                          0x08003be0   Section        0  fmod.o(i.__hardfp_fmod)
    i.__hardfp_ldexp                         0x08003ce8   Section        0  ldexp.o(i.__hardfp_ldexp)
    i.__mathlib_dbl_invalid                  0x08003db8   Section        0  dunder.o(i.__mathlib_dbl_invalid)
    i.__mathlib_dbl_overflow                 0x08003dd8   Section        0  dunder.o(i.__mathlib_dbl_overflow)
    i.__mathlib_dbl_underflow                0x08003df8   Section        0  dunder.o(i.__mathlib_dbl_underflow)
    i.__mathlib_narrow                       0x08003e18   Section        0  narrow.o(i.__mathlib_narrow)
    i.__support_ldexp                        0x08003e2a   Section        0  ldexp.o(i.__support_ldexp)
    i._is_digit                              0x08003e3e   Section        0  __printf_wp.o(i._is_digit)
    i.convertDegMinToDecDeg                  0x08003e4c   Section        0  gps.o(i.convertDegMinToDecDeg)
    i.frexp                                  0x08003ec0   Section        0  frexp.o(i.frexp)
    i.main                                   0x08003f4c   Section        0  main.o(i.main)
    locale$$code                             0x08003fb0   Section       44  lc_numeric_c.o(locale$$code)
    locale$$code                             0x08003fdc   Section       44  lc_ctype_c.o(locale$$code)
    x$fpl$d2f                                0x08004008   Section       98  d2f.o(x$fpl$d2f)
    $v0                                      0x08004008   Number         0  d2f.o(x$fpl$d2f)
    x$fpl$dadd                               0x0800406c   Section      336  daddsub_clz.o(x$fpl$dadd)
    $v0                                      0x0800406c   Number         0  daddsub_clz.o(x$fpl$dadd)
    _dadd1                                   0x0800407d   Thumb Code     0  daddsub_clz.o(x$fpl$dadd)
    x$fpl$dcheck1                            0x080041bc   Section       16  dcheck1.o(x$fpl$dcheck1)
    $v0                                      0x080041bc   Number         0  dcheck1.o(x$fpl$dcheck1)
    x$fpl$dcmpinf                            0x080041cc   Section       24  dcmpi.o(x$fpl$dcmpinf)
    $v0                                      0x080041cc   Number         0  dcmpi.o(x$fpl$dcmpinf)
    x$fpl$ddiv                               0x080041e4   Section      688  ddiv.o(x$fpl$ddiv)
    $v0                                      0x080041e4   Number         0  ddiv.o(x$fpl$ddiv)
    ddiv_entry                               0x080041eb   Thumb Code     0  ddiv.o(x$fpl$ddiv)
    x$fpl$deqf                               0x08004494   Section      120  deqf.o(x$fpl$deqf)
    $v0                                      0x08004494   Number         0  deqf.o(x$fpl$deqf)
    x$fpl$dleqf                              0x0800450c   Section      120  dleqf.o(x$fpl$dleqf)
    $v0                                      0x0800450c   Number         0  dleqf.o(x$fpl$dleqf)
    x$fpl$dmul                               0x08004584   Section      340  dmul.o(x$fpl$dmul)
    $v0                                      0x08004584   Number         0  dmul.o(x$fpl$dmul)
    x$fpl$dnaninf                            0x080046d8   Section      156  dnaninf.o(x$fpl$dnaninf)
    $v0                                      0x080046d8   Number         0  dnaninf.o(x$fpl$dnaninf)
    x$fpl$drem                               0x08004774   Section      336  drem_clz.o(x$fpl$drem)
    $v0                                      0x08004774   Number         0  drem_clz.o(x$fpl$drem)
    x$fpl$dretinf                            0x080048c4   Section       12  dretinf.o(x$fpl$dretinf)
    $v0                                      0x080048c4   Number         0  dretinf.o(x$fpl$dretinf)
    x$fpl$drleqf                             0x080048d0   Section      108  drleqf.o(x$fpl$drleqf)
    $v0                                      0x080048d0   Number         0  drleqf.o(x$fpl$drleqf)
    x$fpl$drsb                               0x0800493c   Section       22  daddsub_clz.o(x$fpl$drsb)
    $v0                                      0x0800493c   Number         0  daddsub_clz.o(x$fpl$drsb)
    x$fpl$dsub                               0x08004954   Section      468  daddsub_clz.o(x$fpl$dsub)
    $v0                                      0x08004954   Number         0  daddsub_clz.o(x$fpl$dsub)
    _dsub1                                   0x08004965   Thumb Code     0  daddsub_clz.o(x$fpl$dsub)
    x$fpl$f2d                                0x08004b28   Section       86  f2d.o(x$fpl$f2d)
    $v0                                      0x08004b28   Number         0  f2d.o(x$fpl$f2d)
    x$fpl$fnaninf                            0x08004b7e   Section      140  fnaninf.o(x$fpl$fnaninf)
    $v0                                      0x08004b7e   Number         0  fnaninf.o(x$fpl$fnaninf)
    x$fpl$fpinit                             0x08004c0a   Section       10  fpinit.o(x$fpl$fpinit)
    $v0                                      0x08004c0a   Number         0  fpinit.o(x$fpl$fpinit)
    x$fpl$fretinf                            0x08004c14   Section       10  fretinf.o(x$fpl$fretinf)
    $v0                                      0x08004c14   Number         0  fretinf.o(x$fpl$fretinf)
    x$fpl$ieeestatus                         0x08004c1e   Section        6  istatus.o(x$fpl$ieeestatus)
    $v0                                      0x08004c1e   Number         0  istatus.o(x$fpl$ieeestatus)
    x$fpl$printf1                            0x08004c24   Section        4  printf1.o(x$fpl$printf1)
    $v0                                      0x08004c24   Number         0  printf1.o(x$fpl$printf1)
    x$fpl$retnan                             0x08004c28   Section      100  retnan.o(x$fpl$retnan)
    $v0                                      0x08004c28   Number         0  retnan.o(x$fpl$retnan)
    x$fpl$scalbn                             0x08004c8c   Section       92  scalbn.o(x$fpl$scalbn)
    $v0                                      0x08004c8c   Number         0  scalbn.o(x$fpl$scalbn)
    x$fpl$scanf1                             0x08004ce8   Section        4  scanf1.o(x$fpl$scanf1)
    $v0                                      0x08004ce8   Number         0  scanf1.o(x$fpl$scanf1)
    x$fpl$scanf2                             0x08004cec   Section        8  scanf2.o(x$fpl$scanf2)
    $v0                                      0x08004cec   Number         0  scanf2.o(x$fpl$scanf2)
    x$fpl$trapveneer                         0x08004cf4   Section       48  trapv.o(x$fpl$trapveneer)
    $v0                                      0x08004cf4   Number         0  trapv.o(x$fpl$trapveneer)
    .constdata                               0x08004d24   Section       16  system_stm32f4xx.o(.constdata)
    x$fpl$usenofp                            0x08004d24   Section        0  usenofp.o(x$fpl$usenofp)
    .constdata                               0x08004d34   Section        8  system_stm32f4xx.o(.constdata)
    .constdata                               0x08004d3c   Section      148  bigflt0.o(.constdata)
    tenpwrs_x                                0x08004d3c   Data          60  bigflt0.o(.constdata)
    tenpwrs_i                                0x08004d78   Data          64  bigflt0.o(.constdata)
    .conststring                             0x08004dd0   Section       75  gps.o(.conststring)
    c$$dinf                                  0x08004e3c   Section        8  fpconst.o(c$$dinf)
    c$$dmax                                  0x08004e44   Section        8  fpconst.o(c$$dmax)
    locale$$data                             0x08004e4c   Section       28  lc_numeric_c.o(locale$$data)
    __lcnum_c_name                           0x08004e50   Data           2  lc_numeric_c.o(locale$$data)
    __lcnum_c_start                          0x08004e58   Data           0  lc_numeric_c.o(locale$$data)
    __lcnum_c_point                          0x08004e64   Data           0  lc_numeric_c.o(locale$$data)
    __lcnum_c_thousands                      0x08004e66   Data           0  lc_numeric_c.o(locale$$data)
    __lcnum_c_grouping                       0x08004e67   Data           0  lc_numeric_c.o(locale$$data)
    locale$$data                             0x08004e68   Section      272  lc_ctype_c.o(locale$$data)
    __lcnum_c_end                            0x08004e68   Data           0  lc_numeric_c.o(locale$$data)
    __lcctype_c_name                         0x08004e6c   Data           2  lc_ctype_c.o(locale$$data)
    __lcctype_c_start                        0x08004e74   Data           0  lc_ctype_c.o(locale$$data)
    __lcctype_c_end                          0x08004f78   Data           0  lc_ctype_c.o(locale$$data)
    .data                                    0x20000000   Section       19  main.o(.data)
    .data                                    0x20000014   Section       12  stm32f4xx_hal.o(.data)
    .data                                    0x20000020   Section        4  system_stm32f4xx.o(.data)
    .bss                                     0x20000024   Section      136  usart.o(.bss)
    .bss                                     0x200000b0   Section      592  gps.o(.bss)
    .bss                                     0x20000300   Section       96  libspace.o(.bss)
    HEAP                                     0x20000360   Section      512  startup_stm32f446xx.o(HEAP)
    Heap_Mem                                 0x20000360   Data         512  startup_stm32f446xx.o(HEAP)
    STACK                                    0x20000560   Section     1024  startup_stm32f446xx.o(STACK)
    Stack_Mem                                0x20000560   Data        1024  startup_stm32f446xx.o(STACK)
    __initial_sp                             0x20000960   Data           0  startup_stm32f446xx.o(STACK)

    Global Symbols

    Symbol Name                              Value     Ov Type        Size  Object(Section)

    BuildAttributes$$THM_ISAv4$E$P$D$K$B$S$7EM$VFPi3$EXTD16$VFPS$VFMA$PE$A:L22UL41UL21$X:L11$S22US41US21$IEEE1$IW$USESV6$~STKCKD$USESV7$~SHL$OTIME$ROPI$IEEEX$EBA8$UX$STANDARDLIB$REQ8$PRES8$EABIv2 0x00000000   Number         0  anon$$obj.o ABSOLUTE
    __ARM_use_no_argv                        0x00000000   Number         0  main.o ABSOLUTE
    _printf_flags                            0x00000000   Number         0  printf_stubs.o ABSOLUTE
    _printf_return_value                     0x00000000   Number         0  printf_stubs.o ABSOLUTE
    _printf_sizespec                         0x00000000   Number         0  printf_stubs.o ABSOLUTE
    _printf_widthprec                        0x00000000   Number         0  printf_stubs.o ABSOLUTE
    __ARM_exceptions_init                     - Undefined Weak Reference
    __alloca_initialize                       - Undefined Weak Reference
    __arm_preinit_                            - Undefined Weak Reference
    __cpp_initialize__aeabi_                  - Undefined Weak Reference
    __cxa_finalize                            - Undefined Weak Reference
    __sigvec_lookup                           - Undefined Weak Reference
    _atexit_init                              - Undefined Weak Reference
    _call_atexit_fns                          - Undefined Weak Reference
    _clock_init                               - Undefined Weak Reference
    _fp_trap_init                             - Undefined Weak Reference
    _fp_trap_shutdown                         - Undefined Weak Reference
    _get_lc_collate                           - Undefined Weak Reference
    _get_lc_monetary                          - Undefined Weak Reference
    _get_lc_time                              - Undefined Weak Reference
    _getenv_init                              - Undefined Weak Reference
    _handle_redirection                       - Undefined Weak Reference
    _init_alloc                               - Undefined Weak Reference
    _init_user_alloc                          - Undefined Weak Reference
    _initio                                   - Undefined Weak Reference
    _printf_post_padding                      - Undefined Weak Reference
    _printf_pre_padding                       - Undefined Weak Reference
    _printf_truncate_signed                   - Undefined Weak Reference
    _printf_truncate_unsigned                 - Undefined Weak Reference
    _rand_init                                - Undefined Weak Reference
    _scanf_longlong                           - Undefined Weak Reference
    _scanf_mbtowc                             - Undefined Weak Reference
    _scanf_wctomb                             - Undefined Weak Reference
    _scanf_wstring                            - Undefined Weak Reference
    _signal_finish                            - Undefined Weak Reference
    _signal_init                              - Undefined Weak Reference
    _terminate_alloc                          - Undefined Weak Reference
    _terminate_user_alloc                     - Undefined Weak Reference
    _terminateio                              - Undefined Weak Reference
    __Vectors_Size                           0x000001c4   Number         0  startup_stm32f446xx.o ABSOLUTE
    __Vectors                                0x08000000   Data           4  startup_stm32f446xx.o(RESET)
    __Vectors_End                            0x080001c4   Data           0  startup_stm32f446xx.o(RESET)
    __main                                   0x080001c5   Thumb Code     8  __main.o(!!!main)
    __scatterload                            0x080001cd   Thumb Code     0  __scatter.o(!!!scatter)
    __scatterload_rt2                        0x080001cd   Thumb Code    44  __scatter.o(!!!scatter)
    __scatterload_rt2_thumb_only             0x080001cd   Thumb Code     0  __scatter.o(!!!scatter)
    __scatterload_null                       0x080001db   Thumb Code     0  __scatter.o(!!!scatter)
    __scatterload_copy                       0x08000201   Thumb Code    26  __scatter_copy.o(!!handler_copy)
    __scatterload_zeroinit                   0x0800021d   Thumb Code    28  __scatter_zi.o(!!handler_zi)
    _printf_f                                0x08000239   Thumb Code     0  _printf_f.o(.ARM.Collect$$_printf_percent$$00000003)
    _printf_percent                          0x08000239   Thumb Code     0  _printf_percent.o(.ARM.Collect$$_printf_percent$$00000000)
    _printf_d                                0x0800023f   Thumb Code     0  _printf_d.o(.ARM.Collect$$_printf_percent$$00000009)
    _printf_percent_end                      0x08000245   Thumb Code     0  _printf_percent_end.o(.ARM.Collect$$_printf_percent$$00000017)
    __rt_lib_init                            0x08000249   Thumb Code     0  libinit.o(.ARM.Collect$$libinit$$00000000)
    __rt_lib_init_fp_1                       0x0800024b   Thumb Code     0  libinit2.o(.ARM.Collect$$libinit$$00000001)
    __rt_lib_init_heap_1                     0x0800024f   Thumb Code     0  libinit2.o(.ARM.Collect$$libinit$$0000000A)
    __rt_lib_init_lc_common                  0x0800024f   Thumb Code     0  libinit2.o(.ARM.Collect$$libinit$$0000000F)
    __rt_lib_init_preinit_1                  0x0800024f   Thumb Code     0  libinit2.o(.ARM.Collect$$libinit$$00000004)
    __rt_lib_init_rand_1                     0x0800024f   Thumb Code     0  libinit2.o(.ARM.Collect$$libinit$$0000000E)
    __rt_lib_init_user_alloc_1               0x0800024f   Thumb Code     0  libinit2.o(.ARM.Collect$$libinit$$0000000C)
    __rt_lib_init_lc_collate_1               0x08000255   Thumb Code     0  libinit2.o(.ARM.Collect$$libinit$$00000011)
    __rt_lib_init_lc_ctype_2                 0x08000255   Thumb Code     0  libinit2.o(.ARM.Collect$$libinit$$00000012)
    __rt_lib_init_lc_ctype_1                 0x08000261   Thumb Code     0  libinit2.o(.ARM.Collect$$libinit$$00000013)
    __rt_lib_init_lc_monetary_1              0x08000261   Thumb Code     0  libinit2.o(.ARM.Collect$$libinit$$00000015)
    __rt_lib_init_lc_numeric_2               0x08000261   Thumb Code     0  libinit2.o(.ARM.Collect$$libinit$$00000016)
    __rt_lib_init_alloca_1                   0x0800026b   Thumb Code     0  libinit2.o(.ARM.Collect$$libinit$$0000002E)
    __rt_lib_init_argv_1                     0x0800026b   Thumb Code     0  libinit2.o(.ARM.Collect$$libinit$$0000002C)
    __rt_lib_init_atexit_1                   0x0800026b   Thumb Code     0  libinit2.o(.ARM.Collect$$libinit$$0000001B)
    __rt_lib_init_clock_1                    0x0800026b   Thumb Code     0  libinit2.o(.ARM.Collect$$libinit$$00000021)
    __rt_lib_init_cpp_1                      0x0800026b   Thumb Code     0  libinit2.o(.ARM.Collect$$libinit$$00000032)
    __rt_lib_init_exceptions_1               0x0800026b   Thumb Code     0  libinit2.o(.ARM.Collect$$libinit$$00000030)
    __rt_lib_init_fp_trap_1                  0x0800026b   Thumb Code     0  libinit2.o(.ARM.Collect$$libinit$$0000001F)
    __rt_lib_init_getenv_1                   0x0800026b   Thumb Code     0  libinit2.o(.ARM.Collect$$libinit$$00000023)
    __rt_lib_init_lc_numeric_1               0x0800026b   Thumb Code     0  libinit2.o(.ARM.Collect$$libinit$$00000017)
    __rt_lib_init_lc_time_1                  0x0800026b   Thumb Code     0  libinit2.o(.ARM.Collect$$libinit$$00000019)
    __rt_lib_init_return                     0x0800026b   Thumb Code     0  libinit2.o(.ARM.Collect$$libinit$$00000033)
    __rt_lib_init_signal_1                   0x0800026b   Thumb Code     0  libinit2.o(.ARM.Collect$$libinit$$0000001D)
    __rt_lib_init_stdio_1                    0x0800026b   Thumb Code     0  libinit2.o(.ARM.Collect$$libinit$$00000025)
    __rt_lib_shutdown                        0x0800026d   Thumb Code     0  libshutdown.o(.ARM.Collect$$libshutdown$$00000000)
    __rt_lib_shutdown_cpp_1                  0x0800026f   Thumb Code     0  libshutdown2.o(.ARM.Collect$$libshutdown$$00000002)
    __rt_lib_shutdown_fp_trap_1              0x0800026f   Thumb Code     0  libshutdown2.o(.ARM.Collect$$libshutdown$$00000007)
    __rt_lib_shutdown_heap_1                 0x0800026f   Thumb Code     0  libshutdown2.o(.ARM.Collect$$libshutdown$$0000000F)
    __rt_lib_shutdown_return                 0x0800026f   Thumb Code     0  libshutdown2.o(.ARM.Collect$$libshutdown$$00000010)
    __rt_lib_shutdown_signal_1               0x0800026f   Thumb Code     0  libshutdown2.o(.ARM.Collect$$libshutdown$$0000000A)
    __rt_lib_shutdown_stdio_1                0x0800026f   Thumb Code     0  libshutdown2.o(.ARM.Collect$$libshutdown$$00000004)
    __rt_lib_shutdown_user_alloc_1           0x0800026f   Thumb Code     0  libshutdown2.o(.ARM.Collect$$libshutdown$$0000000C)
    __rt_entry                               0x08000271   Thumb Code     0  __rtentry.o(.ARM.Collect$$rtentry$$00000000)
    __rt_entry_presh_1                       0x08000271   Thumb Code     0  __rtentry2.o(.ARM.Collect$$rtentry$$00000002)
    __rt_entry_sh                            0x08000271   Thumb Code     0  __rtentry4.o(.ARM.Collect$$rtentry$$00000004)
    __rt_entry_li                            0x08000277   Thumb Code     0  __rtentry2.o(.ARM.Collect$$rtentry$$0000000A)
    __rt_entry_postsh_1                      0x08000277   Thumb Code     0  __rtentry2.o(.ARM.Collect$$rtentry$$00000009)
    __rt_entry_main                          0x0800027b   Thumb Code     0  __rtentry2.o(.ARM.Collect$$rtentry$$0000000D)
    __rt_entry_postli_1                      0x0800027b   Thumb Code     0  __rtentry2.o(.ARM.Collect$$rtentry$$0000000C)
    __rt_exit                                0x08000283   Thumb Code     0  rtexit.o(.ARM.Collect$$rtexit$$00000000)
    __rt_exit_ls                             0x08000285   Thumb Code     0  rtexit2.o(.ARM.Collect$$rtexit$$00000003)
    __rt_exit_prels_1                        0x08000285   Thumb Code     0  rtexit2.o(.ARM.Collect$$rtexit$$00000002)
    __rt_exit_exit                           0x08000289   Thumb Code     0  rtexit2.o(.ARM.Collect$$rtexit$$00000004)
    Reset_Handler                            0x08000291   Thumb Code     8  startup_stm32f446xx.o(.text)
    ADC_IRQHandler                           0x080002ab   Thumb Code     0  startup_stm32f446xx.o(.text)
    CAN1_RX0_IRQHandler                      0x080002ab   Thumb Code     0  startup_stm32f446xx.o(.text)
    CAN1_RX1_IRQHandler                      0x080002ab   Thumb Code     0  startup_stm32f446xx.o(.text)
    CAN1_SCE_IRQHandler                      0x080002ab   Thumb Code     0  startup_stm32f446xx.o(.text)
    CAN1_TX_IRQHandler                       0x080002ab   Thumb Code     0  startup_stm32f446xx.o(.text)
    CAN2_RX0_IRQHandler                      0x080002ab   Thumb Code     0  startup_stm32f446xx.o(.text)
    CAN2_RX1_IRQHandler                      0x080002ab   Thumb Code     0  startup_stm32f446xx.o(.text)
    CAN2_SCE_IRQHandler                      0x080002ab   Thumb Code     0  startup_stm32f446xx.o(.text)
    CAN2_TX_IRQHandler                       0x080002ab   Thumb Code     0  startup_stm32f446xx.o(.text)
    CEC_IRQHandler                           0x080002ab   Thumb Code     0  startup_stm32f446xx.o(.text)
    DCMI_IRQHandler                          0x080002ab   Thumb Code     0  startup_stm32f446xx.o(.text)
    DMA1_Stream0_IRQHandler                  0x080002ab   Thumb Code     0  startup_stm32f446xx.o(.text)
    DMA1_Stream1_IRQHandler                  0x080002ab   Thumb Code     0  startup_stm32f446xx.o(.text)
    DMA1_Stream2_IRQHandler                  0x080002ab   Thumb Code     0  startup_stm32f446xx.o(.text)
    DMA1_Stream3_IRQHandler                  0x080002ab   Thumb Code     0  startup_stm32f446xx.o(.text)
    DMA1_Stream4_IRQHandler                  0x080002ab   Thumb Code     0  startup_stm32f446xx.o(.text)
    DMA1_Stream5_IRQHandler                  0x080002ab   Thumb Code     0  startup_stm32f446xx.o(.text)
    DMA1_Stream6_IRQHandler                  0x080002ab   Thumb Code     0  startup_stm32f446xx.o(.text)
    DMA1_Stream7_IRQHandler                  0x080002ab   Thumb Code     0  startup_stm32f446xx.o(.text)
    DMA2_Stream0_IRQHandler                  0x080002ab   Thumb Code     0  startup_stm32f446xx.o(.text)
    DMA2_Stream1_IRQHandler                  0x080002ab   Thumb Code     0  startup_stm32f446xx.o(.text)
    DMA2_Stream2_IRQHandler                  0x080002ab   Thumb Code     0  startup_stm32f446xx.o(.text)
    DMA2_Stream3_IRQHandler                  0x080002ab   Thumb Code     0  startup_stm32f446xx.o(.text)
    DMA2_Stream4_IRQHandler                  0x080002ab   Thumb Code     0  startup_stm32f446xx.o(.text)
    DMA2_Stream5_IRQHandler                  0x080002ab   Thumb Code     0  startup_stm32f446xx.o(.text)
    DMA2_Stream6_IRQHandler                  0x080002ab   Thumb Code     0  startup_stm32f446xx.o(.text)
    DMA2_Stream7_IRQHandler                  0x080002ab   Thumb Code     0  startup_stm32f446xx.o(.text)
    EXTI0_IRQHandler                         0x080002ab   Thumb Code     0  startup_stm32f446xx.o(.text)
    EXTI15_10_IRQHandler                     0x080002ab   Thumb Code     0  startup_stm32f446xx.o(.text)
    EXTI1_IRQHandler                         0x080002ab   Thumb Code     0  startup_stm32f446xx.o(.text)
    EXTI2_IRQHandler                         0x080002ab   Thumb Code     0  startup_stm32f446xx.o(.text)
    EXTI3_IRQHandler                         0x080002ab   Thumb Code     0  startup_stm32f446xx.o(.text)
    EXTI4_IRQHandler                         0x080002ab   Thumb Code     0  startup_stm32f446xx.o(.text)
    EXTI9_5_IRQHandler                       0x080002ab   Thumb Code     0  startup_stm32f446xx.o(.text)
    FLASH_IRQHandler                         0x080002ab   Thumb Code     0  startup_stm32f446xx.o(.text)
    FMC_IRQHandler                           0x080002ab   Thumb Code     0  startup_stm32f446xx.o(.text)
    FMPI2C1_ER_IRQHandler                    0x080002ab   Thumb Code     0  startup_stm32f446xx.o(.text)
    FMPI2C1_EV_IRQHandler                    0x080002ab   Thumb Code     0  startup_stm32f446xx.o(.text)
    FPU_IRQHandler                           0x080002ab   Thumb Code     0  startup_stm32f446xx.o(.text)
    I2C1_ER_IRQHandler                       0x080002ab   Thumb Code     0  startup_stm32f446xx.o(.text)
    I2C1_EV_IRQHandler                       0x080002ab   Thumb Code     0  startup_stm32f446xx.o(.text)
    I2C2_ER_IRQHandler                       0x080002ab   Thumb Code     0  startup_stm32f446xx.o(.text)
    I2C2_EV_IRQHandler                       0x080002ab   Thumb Code     0  startup_stm32f446xx.o(.text)
    I2C3_ER_IRQHandler                       0x080002ab   Thumb Code     0  startup_stm32f446xx.o(.text)
    I2C3_EV_IRQHandler                       0x080002ab   Thumb Code     0  startup_stm32f446xx.o(.text)
    OTG_FS_IRQHandler                        0x080002ab   Thumb Code     0  startup_stm32f446xx.o(.text)
    OTG_FS_WKUP_IRQHandler                   0x080002ab   Thumb Code     0  startup_stm32f446xx.o(.text)
    OTG_HS_EP1_IN_IRQHandler                 0x080002ab   Thumb Code     0  startup_stm32f446xx.o(.text)
    OTG_HS_EP1_OUT_IRQHandler                0x080002ab   Thumb Code     0  startup_stm32f446xx.o(.text)
    OTG_HS_IRQHandler                        0x080002ab   Thumb Code     0  startup_stm32f446xx.o(.text)
    OTG_HS_WKUP_IRQHandler                   0x080002ab   Thumb Code     0  startup_stm32f446xx.o(.text)
    PVD_IRQHandler                           0x080002ab   Thumb Code     0  startup_stm32f446xx.o(.text)
    QUADSPI_IRQHandler                       0x080002ab   Thumb Code     0  startup_stm32f446xx.o(.text)
    RCC_IRQHandler                           0x080002ab   Thumb Code     0  startup_stm32f446xx.o(.text)
    RTC_Alarm_IRQHandler                     0x080002ab   Thumb Code     0  startup_stm32f446xx.o(.text)
    RTC_WKUP_IRQHandler                      0x080002ab   Thumb Code     0  startup_stm32f446xx.o(.text)
    SAI1_IRQHandler                          0x080002ab   Thumb Code     0  startup_stm32f446xx.o(.text)
    SAI2_IRQHandler                          0x080002ab   Thumb Code     0  startup_stm32f446xx.o(.text)
    SDIO_IRQHandler                          0x080002ab   Thumb Code     0  startup_stm32f446xx.o(.text)
    SPDIF_RX_IRQHandler                      0x080002ab   Thumb Code     0  startup_stm32f446xx.o(.text)
    SPI1_IRQHandler                          0x080002ab   Thumb Code     0  startup_stm32f446xx.o(.text)
    SPI2_IRQHandler                          0x080002ab   Thumb Code     0  startup_stm32f446xx.o(.text)
    SPI3_IRQHandler                          0x080002ab   Thumb Code     0  startup_stm32f446xx.o(.text)
    SPI4_IRQHandler                          0x080002ab   Thumb Code     0  startup_stm32f446xx.o(.text)
    TAMP_STAMP_IRQHandler                    0x080002ab   Thumb Code     0  startup_stm32f446xx.o(.text)
    TIM1_BRK_TIM9_IRQHandler                 0x080002ab   Thumb Code     0  startup_stm32f446xx.o(.text)
    TIM1_CC_IRQHandler                       0x080002ab   Thumb Code     0  startup_stm32f446xx.o(.text)
    TIM1_TRG_COM_TIM11_IRQHandler            0x080002ab   Thumb Code     0  startup_stm32f446xx.o(.text)
    TIM1_UP_TIM10_IRQHandler                 0x080002ab   Thumb Code     0  startup_stm32f446xx.o(.text)
    TIM2_IRQHandler                          0x080002ab   Thumb Code     0  startup_stm32f446xx.o(.text)
    TIM3_IRQHandler                          0x080002ab   Thumb Code     0  startup_stm32f446xx.o(.text)
    TIM4_IRQHandler                          0x080002ab   Thumb Code     0  startup_stm32f446xx.o(.text)
    TIM5_IRQHandler                          0x080002ab   Thumb Code     0  startup_stm32f446xx.o(.text)
    TIM6_DAC_IRQHandler                      0x080002ab   Thumb Code     0  startup_stm32f446xx.o(.text)
    TIM7_IRQHandler                          0x080002ab   Thumb Code     0  startup_stm32f446xx.o(.text)
    TIM8_BRK_TIM12_IRQHandler                0x080002ab   Thumb Code     0  startup_stm32f446xx.o(.text)
    TIM8_CC_IRQHandler                       0x080002ab   Thumb Code     0  startup_stm32f446xx.o(.text)
    TIM8_TRG_COM_TIM14_IRQHandler            0x080002ab   Thumb Code     0  startup_stm32f446xx.o(.text)
    TIM8_UP_TIM13_IRQHandler                 0x080002ab   Thumb Code     0  startup_stm32f446xx.o(.text)
    UART4_IRQHandler                         0x080002ab   Thumb Code     0  startup_stm32f446xx.o(.text)
    UART5_IRQHandler                         0x080002ab   Thumb Code     0  startup_stm32f446xx.o(.text)
    USART1_IRQHandler                        0x080002ab   Thumb Code     0  startup_stm32f446xx.o(.text)
    USART3_IRQHandler                        0x080002ab   Thumb Code     0  startup_stm32f446xx.o(.text)
    USART6_IRQHandler                        0x080002ab   Thumb Code     0  startup_stm32f446xx.o(.text)
    WWDG_IRQHandler                          0x080002ab   Thumb Code     0  startup_stm32f446xx.o(.text)
    __user_initial_stackheap                 0x080002ad   Thumb Code     0  startup_stm32f446xx.o(.text)
    __aeabi_uldivmod                         0x080002d1   Thumb Code     0  lludivv7m.o(.text)
    _ll_udiv                                 0x080002d1   Thumb Code   238  lludivv7m.o(.text)
    __2snprintf                              0x080003c1   Thumb Code    50  __2snprintf.o(.text)
    __printf                                 0x080003f9   Thumb Code   104  __printf.o(.text)
    _printf_int_dec                          0x08000461   Thumb Code   104  _printf_dec.o(.text)
    __0sscanf                                0x080004d9   Thumb Code    52  __0sscanf.o(.text)
    _scanf_int                               0x08000515   Thumb Code   332  _scanf_int.o(.text)
    _scanf_string                            0x08000661   Thumb Code   224  _scanf_str.o(.text)
    strstr                                   0x08000741   Thumb Code    36  strstr.o(.text)
    __aeabi_memclr4                          0x08000765   Thumb Code     0  rt_memclr_w.o(.text)
    __aeabi_memclr8                          0x08000765   Thumb Code     0  rt_memclr_w.o(.text)
    __rt_memclr_w                            0x08000765   Thumb Code    78  rt_memclr_w.o(.text)
    _memset_w                                0x08000769   Thumb Code     0  rt_memclr_w.o(.text)
    __use_two_region_memory                  0x080007b3   Thumb Code     2  heapauxi.o(.text)
    __rt_heap_escrow$2region                 0x080007b5   Thumb Code     2  heapauxi.o(.text)
    __rt_heap_expand$2region                 0x080007b7   Thumb Code     2  heapauxi.o(.text)
    __read_errno                             0x080007b9   Thumb Code    10  _rserrno.o(.text)
    __set_errno                              0x080007c3   Thumb Code    12  _rserrno.o(.text)
    _printf_int_common                       0x080007cf   Thumb Code   178  _printf_intcommon.o(.text)
    __lib_sel_fp_printf                      0x08000881   Thumb Code     2  _printf_fp_dec.o(.text)
    _printf_fp_dec_real                      0x08000a33   Thumb Code   620  _printf_fp_dec.o(.text)
    _printf_char_common                      0x08000cab   Thumb Code    32  _printf_char_common.o(.text)
    _sputc                                   0x08000cd1   Thumb Code    10  _sputc.o(.text)
    _snputc                                  0x08000cdb   Thumb Code    16  _snputc.o(.text)
    _chval                                   0x08000ceb   Thumb Code    28  _chval.o(.text)
    _scanf_really_real                       0x08000f55   Thumb Code   684  scanf_fp.o(.text)
    __vfscanf_char                           0x0800120d   Thumb Code    24  scanf_char.o(.text)
    _sgetc                                   0x0800122d   Thumb Code    30  _sgetc.o(.text)
    _sbackspace                              0x0800124b   Thumb Code    34  _sgetc.o(.text)
    __rt_locale                              0x0800126d   Thumb Code     8  rt_locale_intlibspace.o(.text)
    __aeabi_errno_addr                       0x08001275   Thumb Code     8  rt_errno_addr_intlibspace.o(.text)
    __errno$intlibspace                      0x08001275   Thumb Code     0  rt_errno_addr_intlibspace.o(.text)
    __rt_errno_addr$intlibspace              0x08001275   Thumb Code     0  rt_errno_addr_intlibspace.o(.text)
    _ll_udiv10                               0x0800127d   Thumb Code   138  lludiv10.o(.text)
    isspace                                  0x08001307   Thumb Code    18  isspace.o(.text)
    _printf_fp_infnan                        0x08001319   Thumb Code   112  _printf_fp_infnan.o(.text)
    __vfscanf                                0x08001399   Thumb Code   878  _scanf.o(.text)
    _btod_etento                             0x0800170d   Thumb Code   224  bigflt0.o(.text)
    __user_libspace                          0x080017f1   Thumb Code     8  libspace.o(.text)
    __user_perproc_libspace                  0x080017f1   Thumb Code     0  libspace.o(.text)
    __user_perthread_libspace                0x080017f1   Thumb Code     0  libspace.o(.text)
    __user_setup_stackheap                   0x080017f9   Thumb Code    74  sys_stackheap_outer.o(.text)
    __rt_ctype_table                         0x08001845   Thumb Code    16  rt_ctype_table.o(.text)
    _scanf_really_hex_real                   0x08001855   Thumb Code   786  scanf_hexfp.o(.text)
    _scanf_really_infnan                     0x08001b75   Thumb Code   292  scanf_infnan.o(.text)
    exit                                     0x08001ca9   Thumb Code    18  exit.o(.text)
    strcmp                                   0x08001cbd   Thumb Code   128  strcmpv7m.o(.text)
    __aeabi_llsl                             0x08001d3d   Thumb Code     0  llshl.o(.text)
    _ll_shift_l                              0x08001d3d   Thumb Code    38  llshl.o(.text)
    _sys_exit                                0x08001d65   Thumb Code     8  sys_exit.o(.text)
    __I$use$semihosting                      0x08001d71   Thumb Code     0  use_no_semi.o(.text)
    __use_no_semihosting_swi                 0x08001d71   Thumb Code     2  use_no_semi.o(.text)
    __semihosting_library_function           0x08001d73   Thumb Code     0  indicate_semi.o(.text)
    _btod_d2e                                0x08001d73   Thumb Code    62  btod.o(CL$$btod_d2e)
    _d2e_denorm_low                          0x08001db1   Thumb Code    70  btod.o(CL$$btod_d2e_denorm_low)
    _d2e_norm_op1                            0x08001df7   Thumb Code    96  btod.o(CL$$btod_d2e_norm_op1)
    __btod_div_common                        0x08001e57   Thumb Code   696  btod.o(CL$$btod_div_common)
    _e2d                                     0x08002191   Thumb Code   122  btod.o(CL$$btod_e2d)
    _e2e                                     0x08002215   Thumb Code   220  btod.o(CL$$btod_e2e)
    _btod_ediv                               0x080022f1   Thumb Code    42  btod.o(CL$$btod_ediv)
    _btod_edivd                              0x0800231b   Thumb Code    42  btod.o(CL$$btod_edivd)
    _btod_emul                               0x08002345   Thumb Code    42  btod.o(CL$$btod_emul)
    _btod_emuld                              0x0800236f   Thumb Code    42  btod.o(CL$$btod_emuld)
    __btod_mult_common                       0x08002399   Thumb Code   580  btod.o(CL$$btod_mult_common)
    BusFault_Handler                         0x080025dd   Thumb Code     2  stm32f4xx_it.o(i.BusFault_Handler)
    DebugMon_Handler                         0x080025df   Thumb Code     2  stm32f4xx_it.o(i.DebugMon_Handler)
    Error_Handler                            0x080025e1   Thumb Code     4  main.o(i.Error_Handler)
    GPS_CallBack                             0x080025e5   Thumb Code    52  gps.o(i.GPS_CallBack)
    GPS_Init                                 0x08002625   Thumb Code    32  gps.o(i.GPS_Init)
    GPS_Parse_GNRMC                          0x08002651   Thumb Code    78  gps.o(i.GPS_Parse_GNRMC)
    GPS_Process                              0x080026a5   Thumb Code   122  gps.o(i.GPS_Process)
    HAL_DMA_Abort                            0x08002735   Thumb Code   146  stm32f4xx_hal_dma.o(i.HAL_DMA_Abort)
    HAL_DMA_Abort_IT                         0x080027c7   Thumb Code    36  stm32f4xx_hal_dma.o(i.HAL_DMA_Abort_IT)
    HAL_GPIO_Init                            0x080027ed   Thumb Code   436  stm32f4xx_hal_gpio.o(i.HAL_GPIO_Init)
    HAL_GPIO_WritePin                        0x080029c9   Thumb Code    10  stm32f4xx_hal_gpio.o(i.HAL_GPIO_WritePin)
    HAL_GetTick                              0x080029d5   Thumb Code     6  stm32f4xx_hal.o(i.HAL_GetTick)
    HAL_IncTick                              0x080029e1   Thumb Code    12  stm32f4xx_hal.o(i.HAL_IncTick)
    HAL_Init                                 0x080029f1   Thumb Code    48  stm32f4xx_hal.o(i.HAL_Init)
    HAL_InitTick                             0x08002a25   Thumb Code    54  stm32f4xx_hal.o(i.HAL_InitTick)
    HAL_MspInit                              0x08002a65   Thumb Code    42  stm32f4xx_hal_msp.o(i.HAL_MspInit)
    HAL_NVIC_EnableIRQ                       0x08002a95   Thumb Code    26  stm32f4xx_hal_cortex.o(i.HAL_NVIC_EnableIRQ)
    HAL_NVIC_SetPriority                     0x08002ab1   Thumb Code    60  stm32f4xx_hal_cortex.o(i.HAL_NVIC_SetPriority)
    HAL_NVIC_SetPriorityGrouping             0x08002af1   Thumb Code    26  stm32f4xx_hal_cortex.o(i.HAL_NVIC_SetPriorityGrouping)
    HAL_PWREx_EnableOverDrive                0x08002b15   Thumb Code    98  stm32f4xx_hal_pwr_ex.o(i.HAL_PWREx_EnableOverDrive)
    HAL_RCC_ClockConfig                      0x08002b85   Thumb Code   288  stm32f4xx_hal_rcc.o(i.HAL_RCC_ClockConfig)
    HAL_RCC_GetPCLK1Freq                     0x08002cb9   Thumb Code    20  stm32f4xx_hal_rcc.o(i.HAL_RCC_GetPCLK1Freq)
    HAL_RCC_GetPCLK2Freq                     0x08002cd9   Thumb Code    20  stm32f4xx_hal_rcc.o(i.HAL_RCC_GetPCLK2Freq)
    HAL_RCC_GetSysClockFreq                  0x08002cf9   Thumb Code   140  stm32f4xx_hal_rcc_ex.o(i.HAL_RCC_GetSysClockFreq)
    HAL_RCC_OscConfig                        0x08002d91   Thumb Code   900  stm32f4xx_hal_rcc_ex.o(i.HAL_RCC_OscConfig)
    HAL_SYSTICK_Config                       0x08003129   Thumb Code    40  stm32f4xx_hal_cortex.o(i.HAL_SYSTICK_Config)
    HAL_UARTEx_RxEventCallback               0x08003151   Thumb Code     2  stm32f4xx_hal_uart.o(i.HAL_UARTEx_RxEventCallback)
    HAL_UART_ErrorCallback                   0x08003153   Thumb Code     2  stm32f4xx_hal_uart.o(i.HAL_UART_ErrorCallback)
    HAL_UART_IRQHandler                      0x08003155   Thumb Code   610  stm32f4xx_hal_uart.o(i.HAL_UART_IRQHandler)
    HAL_UART_Init                            0x080033bd   Thumb Code    98  stm32f4xx_hal_uart.o(i.HAL_UART_Init)
    HAL_UART_MspInit                         0x08003421   Thumb Code   166  usart.o(i.HAL_UART_MspInit)
    HAL_UART_Receive_IT                      0x080034d9   Thumb Code    42  stm32f4xx_hal_uart.o(i.HAL_UART_Receive_IT)
    HAL_UART_RxCpltCallback                  0x08003503   Thumb Code     4  main.o(i.HAL_UART_RxCpltCallback)
    HAL_UART_Transmit                        0x08003509   Thumb Code   178  stm32f4xx_hal_uart.o(i.HAL_UART_Transmit)
    HAL_UART_TxCpltCallback                  0x080035bb   Thumb Code     2  stm32f4xx_hal_uart.o(i.HAL_UART_TxCpltCallback)
    HardFault_Handler                        0x080035bd   Thumb Code     2  stm32f4xx_it.o(i.HardFault_Handler)
    MX_GPIO_Init                             0x080035c1   Thumb Code    84  gpio.o(i.MX_GPIO_Init)
    MX_UART4_Init                            0x0800361d   Thumb Code    48  usart.o(i.MX_UART4_Init)
    MX_USART2_UART_Init                      0x08003655   Thumb Code    48  usart.o(i.MX_USART2_UART_Init)
    MemManage_Handler                        0x0800368d   Thumb Code     2  stm32f4xx_it.o(i.MemManage_Handler)
    NMI_Handler                              0x0800368f   Thumb Code     2  stm32f4xx_it.o(i.NMI_Handler)
    PendSV_Handler                           0x08003691   Thumb Code     2  stm32f4xx_it.o(i.PendSV_Handler)
    Print_GPS_Data                           0x08003695   Thumb Code    60  gps.o(i.Print_GPS_Data)
    SVC_Handler                              0x080036e9   Thumb Code     2  stm32f4xx_it.o(i.SVC_Handler)
    SysTick_Handler                          0x080036eb   Thumb Code     4  stm32f4xx_it.o(i.SysTick_Handler)
    SystemClock_Config                       0x080036f1   Thumb Code   148  main.o(i.SystemClock_Config)
    SystemInit                               0x0800378d   Thumb Code    22  system_stm32f4xx.o(i.SystemInit)
    UART_Start_Receive_IT                    0x080039d5   Thumb Code    54  stm32f4xx_hal_uart.o(i.UART_Start_Receive_IT)
    USART2_IRQHandler                        0x08003a85   Thumb Code     6  stm32f4xx_it.o(i.USART2_IRQHandler)
    UsageFault_Handler                       0x08003a91   Thumb Code     2  stm32f4xx_it.o(i.UsageFault_Handler)
    __ARM_fpclassify                         0x08003a93   Thumb Code    48  fpclassify.o(i.__ARM_fpclassify)
    __hardfp___mathlib_tofloat               0x08003ae9   Thumb Code   232  narrow.o(i.__hardfp___mathlib_tofloat)
    __hardfp_fmod                            0x08003be1   Thumb Code   254  fmod.o(i.__hardfp_fmod)
    __hardfp_ldexp                           0x08003ce9   Thumb Code   200  ldexp.o(i.__hardfp_ldexp)
    __mathlib_dbl_invalid                    0x08003db9   Thumb Code    24  dunder.o(i.__mathlib_dbl_invalid)
    __mathlib_dbl_overflow                   0x08003dd9   Thumb Code    24  dunder.o(i.__mathlib_dbl_overflow)
    __mathlib_dbl_underflow                  0x08003df9   Thumb Code    24  dunder.o(i.__mathlib_dbl_underflow)
    __mathlib_narrow                         0x08003e19   Thumb Code    18  narrow.o(i.__mathlib_narrow)
    __support_ldexp                          0x08003e2b   Thumb Code    20  ldexp.o(i.__support_ldexp)
    _is_digit                                0x08003e3f   Thumb Code    14  __printf_wp.o(i._is_digit)
    convertDegMinToDecDeg                    0x08003e4d   Thumb Code    92  gps.o(i.convertDegMinToDecDeg)
    frexp                                    0x08003ec1   Thumb Code   118  frexp.o(i.frexp)
    main                                     0x08003f4d   Thumb Code    86  main.o(i.main)
    _get_lc_numeric                          0x08003fb1   Thumb Code    44  lc_numeric_c.o(locale$$code)
    _get_lc_ctype                            0x08003fdd   Thumb Code    44  lc_ctype_c.o(locale$$code)
    __aeabi_d2f                              0x08004009   Thumb Code     0  d2f.o(x$fpl$d2f)
    _d2f                                     0x08004009   Thumb Code    98  d2f.o(x$fpl$d2f)
    __aeabi_dadd                             0x0800406d   Thumb Code     0  daddsub_clz.o(x$fpl$dadd)
    _dadd                                    0x0800406d   Thumb Code   332  daddsub_clz.o(x$fpl$dadd)
    __fpl_dcheck_NaN1                        0x080041bd   Thumb Code    10  dcheck1.o(x$fpl$dcheck1)
    __fpl_dcmp_Inf                           0x080041cd   Thumb Code    24  dcmpi.o(x$fpl$dcmpinf)
    __aeabi_ddiv                             0x080041e5   Thumb Code     0  ddiv.o(x$fpl$ddiv)
    _ddiv                                    0x080041e5   Thumb Code   552  ddiv.o(x$fpl$ddiv)
    __aeabi_cdcmpeq                          0x08004495   Thumb Code     0  deqf.o(x$fpl$deqf)
    _dcmpeq                                  0x08004495   Thumb Code   120  deqf.o(x$fpl$deqf)
    __aeabi_cdcmple                          0x0800450d   Thumb Code     0  dleqf.o(x$fpl$dleqf)
    _dcmple                                  0x0800450d   Thumb Code   120  dleqf.o(x$fpl$dleqf)
    __fpl_dcmple_InfNaN                      0x0800456f   Thumb Code     0  dleqf.o(x$fpl$dleqf)
    __aeabi_dmul                             0x08004585   Thumb Code     0  dmul.o(x$fpl$dmul)
    _dmul                                    0x08004585   Thumb Code   332  dmul.o(x$fpl$dmul)
    __fpl_dnaninf                            0x080046d9   Thumb Code   156  dnaninf.o(x$fpl$dnaninf)
    _drem                                    0x08004775   Thumb Code   328  drem_clz.o(x$fpl$drem)
    __fpl_dretinf                            0x080048c5   Thumb Code    12  dretinf.o(x$fpl$dretinf)
    __aeabi_cdrcmple                         0x080048d1   Thumb Code     0  drleqf.o(x$fpl$drleqf)
    _drcmple                                 0x080048d1   Thumb Code   108  drleqf.o(x$fpl$drleqf)
    __aeabi_drsub                            0x0800493d   Thumb Code     0  daddsub_clz.o(x$fpl$drsb)
    _drsb                                    0x0800493d   Thumb Code    22  daddsub_clz.o(x$fpl$drsb)
    __aeabi_dsub                             0x08004955   Thumb Code     0  daddsub_clz.o(x$fpl$dsub)
    _dsub                                    0x08004955   Thumb Code   464  daddsub_clz.o(x$fpl$dsub)
    __aeabi_f2d                              0x08004b29   Thumb Code     0  f2d.o(x$fpl$f2d)
    _f2d                                     0x08004b29   Thumb Code    86  f2d.o(x$fpl$f2d)
    __fpl_fnaninf                            0x08004b7f   Thumb Code   140  fnaninf.o(x$fpl$fnaninf)
    _fp_init                                 0x08004c0b   Thumb Code    10  fpinit.o(x$fpl$fpinit)
    __fplib_config_fpu_vfp                   0x08004c13   Thumb Code     0  fpinit.o(x$fpl$fpinit)
    __fplib_config_pureend_doubles           0x08004c13   Thumb Code     0  fpinit.o(x$fpl$fpinit)
    __fpl_fretinf                            0x08004c15   Thumb Code    10  fretinf.o(x$fpl$fretinf)
    __ieee_status                            0x08004c1f   Thumb Code     6  istatus.o(x$fpl$ieeestatus)
    _printf_fp_dec                           0x08004c25   Thumb Code     4  printf1.o(x$fpl$printf1)
    __fpl_return_NaN                         0x08004c29   Thumb Code   100  retnan.o(x$fpl$retnan)
    __ARM_scalbn                             0x08004c8d   Thumb Code    92  scalbn.o(x$fpl$scalbn)
    _scanf_real                              0x08004ce9   Thumb Code     4  scanf1.o(x$fpl$scanf1)
    _scanf_hex_real                          0x08004ced   Thumb Code     4  scanf2.o(x$fpl$scanf2)
    _scanf_infnan                            0x08004cf1   Thumb Code     4  scanf2.o(x$fpl$scanf2)
    __fpl_cmpreturn                          0x08004cf5   Thumb Code    48  trapv.o(x$fpl$trapveneer)
    AHBPrescTable                            0x08004d24   Data          16  system_stm32f4xx.o(.constdata)
    __I$use$fp                               0x08004d24   Number         0  usenofp.o(x$fpl$usenofp)
    APBPrescTable                            0x08004d34   Data           8  system_stm32f4xx.o(.constdata)
    Region$$Table$$Base                      0x08004e1c   Number         0  anon$$obj.o(Region$$Table)
    Region$$Table$$Limit                     0x08004e3c   Number         0  anon$$obj.o(Region$$Table)
    __aeabi_HUGE_VAL                         0x08004e3c   Data           0  fpconst.o(c$$dinf)
    __aeabi_HUGE_VALL                        0x08004e3c   Data           0  fpconst.o(c$$dinf)
    __aeabi_INFINITY                         0x08004e3c   Data           0  fpconst.o(c$$dinf)
    __dInf                                   0x08004e3c   Data           0  fpconst.o(c$$dinf)
    __huge_val                               0x08004e3c   Data           0  fpconst.o(c$$dinf)
    __dbl_max                                0x08004e44   Data           0  fpconst.o(c$$dmax)
    __ctype                                  0x08004e75   Data           0  lc_ctype_c.o(locale$$data)
    BootingHeader                            0x20000000   Data          10  main.o(.data)
    BootHeader                               0x2000000a   Data           9  main.o(.data)
    uwTickFreq                               0x20000014   Data           1  stm32f4xx_hal.o(.data)
    uwTickPrio                               0x20000018   Data           4  stm32f4xx_hal.o(.data)
    uwTick                                   0x2000001c   Data           4  stm32f4xx_hal.o(.data)
    SystemCoreClock                          0x20000020   Data           4  system_stm32f4xx.o(.data)
    huart4                                   0x20000024   Data          68  usart.o(.bss)
    huart2                                   0x20000068   Data          68  usart.o(.bss)
    GPS                                      0x200000b0   Data         592  gps.o(.bss)
    __libspace_start                         0x20000300   Data          96  libspace.o(.bss)
    __temporary_stack_top$libspace           0x20000360   Data           0  libspace.o(.bss)



==============================================================================

Memory Map of the image

  Image Entry point : 0x080001c5

  Load Region LR_IROM1 (Base: 0x08000000, Size: 0x00004f9c, Max: 0x00080000, ABSOLUTE)

    Execution Region ER_IROM1 (Exec base: 0x08000000, Load base: 0x08000000, Size: 0x00004f78, Max: 0x00080000, ABSOLUTE)

    Exec Addr    Load Addr    Size         Type   Attr      Idx    E Section Name        Object

    0x08000000   0x08000000   0x000001c4   Data   RO            3    RESET               startup_stm32f446xx.o
    0x080001c4   0x080001c4   0x00000008   Code   RO         2156  * !!!main             c_w.l(__main.o)
    0x080001cc   0x080001cc   0x00000034   Code   RO         2523    !!!scatter          c_w.l(__scatter.o)
    0x08000200   0x08000200   0x0000001a   Code   RO         2525    !!handler_copy      c_w.l(__scatter_copy.o)
    0x0800021a   0x0800021a   0x00000002   PAD
    0x0800021c   0x0800021c   0x0000001c   Code   RO         2527    !!handler_zi        c_w.l(__scatter_zi.o)
    0x08000238   0x08000238   0x00000000   Code   RO         2143    .ARM.Collect$$_printf_percent$$00000000  c_w.l(_printf_percent.o)
    0x08000238   0x08000238   0x00000006   Code   RO         2142    .ARM.Collect$$_printf_percent$$00000003  c_w.l(_printf_f.o)
    0x0800023e   0x0800023e   0x00000006   Code   RO         2141    .ARM.Collect$$_printf_percent$$00000009  c_w.l(_printf_d.o)
    0x08000244   0x08000244   0x00000004   Code   RO         2203    .ARM.Collect$$_printf_percent$$00000017  c_w.l(_printf_percent_end.o)
    0x08000248   0x08000248   0x00000002   Code   RO         2348    .ARM.Collect$$libinit$$00000000  c_w.l(libinit.o)
    0x0800024a   0x0800024a   0x00000004   Code   RO         2349    .ARM.Collect$$libinit$$00000001  c_w.l(libinit2.o)
    0x0800024e   0x0800024e   0x00000000   Code   RO         2352    .ARM.Collect$$libinit$$00000004  c_w.l(libinit2.o)
    0x0800024e   0x0800024e   0x00000000   Code   RO         2355    .ARM.Collect$$libinit$$0000000A  c_w.l(libinit2.o)
    0x0800024e   0x0800024e   0x00000000   Code   RO         2357    .ARM.Collect$$libinit$$0000000C  c_w.l(libinit2.o)
    0x0800024e   0x0800024e   0x00000000   Code   RO         2359    .ARM.Collect$$libinit$$0000000E  c_w.l(libinit2.o)
    0x0800024e   0x0800024e   0x00000006   Code   RO         2360    .ARM.Collect$$libinit$$0000000F  c_w.l(libinit2.o)
    0x08000254   0x08000254   0x00000000   Code   RO         2362    .ARM.Collect$$libinit$$00000011  c_w.l(libinit2.o)
    0x08000254   0x08000254   0x0000000c   Code   RO         2363    .ARM.Collect$$libinit$$00000012  c_w.l(libinit2.o)
    0x08000260   0x08000260   0x00000000   Code   RO         2364    .ARM.Collect$$libinit$$00000013  c_w.l(libinit2.o)
    0x08000260   0x08000260   0x00000000   Code   RO         2366    .ARM.Collect$$libinit$$00000015  c_w.l(libinit2.o)
    0x08000260   0x08000260   0x0000000a   Code   RO         2367    .ARM.Collect$$libinit$$00000016  c_w.l(libinit2.o)
    0x0800026a   0x0800026a   0x00000000   Code   RO         2368    .ARM.Collect$$libinit$$00000017  c_w.l(libinit2.o)
    0x0800026a   0x0800026a   0x00000000   Code   RO         2370    .ARM.Collect$$libinit$$00000019  c_w.l(libinit2.o)
    0x0800026a   0x0800026a   0x00000000   Code   RO         2372    .ARM.Collect$$libinit$$0000001B  c_w.l(libinit2.o)
    0x0800026a   0x0800026a   0x00000000   Code   RO         2374    .ARM.Collect$$libinit$$0000001D  c_w.l(libinit2.o)
    0x0800026a   0x0800026a   0x00000000   Code   RO         2376    .ARM.Collect$$libinit$$0000001F  c_w.l(libinit2.o)
    0x0800026a   0x0800026a   0x00000000   Code   RO         2378    .ARM.Collect$$libinit$$00000021  c_w.l(libinit2.o)
    0x0800026a   0x0800026a   0x00000000   Code   RO         2380    .ARM.Collect$$libinit$$00000023  c_w.l(libinit2.o)
    0x0800026a   0x0800026a   0x00000000   Code   RO         2382    .ARM.Collect$$libinit$$00000025  c_w.l(libinit2.o)
    0x0800026a   0x0800026a   0x00000000   Code   RO         2386    .ARM.Collect$$libinit$$0000002C  c_w.l(libinit2.o)
    0x0800026a   0x0800026a   0x00000000   Code   RO         2388    .ARM.Collect$$libinit$$0000002E  c_w.l(libinit2.o)
    0x0800026a   0x0800026a   0x00000000   Code   RO         2390    .ARM.Collect$$libinit$$00000030  c_w.l(libinit2.o)
    0x0800026a   0x0800026a   0x00000000   Code   RO         2392    .ARM.Collect$$libinit$$00000032  c_w.l(libinit2.o)
    0x0800026a   0x0800026a   0x00000002   Code   RO         2393    .ARM.Collect$$libinit$$00000033  c_w.l(libinit2.o)
    0x0800026c   0x0800026c   0x00000002   Code   RO         2482    .ARM.Collect$$libshutdown$$00000000  c_w.l(libshutdown.o)
    0x0800026e   0x0800026e   0x00000000   Code   RO         2502    .ARM.Collect$$libshutdown$$00000002  c_w.l(libshutdown2.o)
    0x0800026e   0x0800026e   0x00000000   Code   RO         2504    .ARM.Collect$$libshutdown$$00000004  c_w.l(libshutdown2.o)
    0x0800026e   0x0800026e   0x00000000   Code   RO         2507    .ARM.Collect$$libshutdown$$00000007  c_w.l(libshutdown2.o)
    0x0800026e   0x0800026e   0x00000000   Code   RO         2510    .ARM.Collect$$libshutdown$$0000000A  c_w.l(libshutdown2.o)
    0x0800026e   0x0800026e   0x00000000   Code   RO         2512    .ARM.Collect$$libshutdown$$0000000C  c_w.l(libshutdown2.o)
    0x0800026e   0x0800026e   0x00000000   Code   RO         2515    .ARM.Collect$$libshutdown$$0000000F  c_w.l(libshutdown2.o)
    0x0800026e   0x0800026e   0x00000002   Code   RO         2516    .ARM.Collect$$libshutdown$$00000010  c_w.l(libshutdown2.o)
    0x08000270   0x08000270   0x00000000   Code   RO         2186    .ARM.Collect$$rtentry$$00000000  c_w.l(__rtentry.o)
    0x08000270   0x08000270   0x00000000   Code   RO         2236    .ARM.Collect$$rtentry$$00000002  c_w.l(__rtentry2.o)
    0x08000270   0x08000270   0x00000006   Code   RO         2248    .ARM.Collect$$rtentry$$00000004  c_w.l(__rtentry4.o)
    0x08000276   0x08000276   0x00000000   Code   RO         2238    .ARM.Collect$$rtentry$$00000009  c_w.l(__rtentry2.o)
    0x08000276   0x08000276   0x00000004   Code   RO         2239    .ARM.Collect$$rtentry$$0000000A  c_w.l(__rtentry2.o)
    0x0800027a   0x0800027a   0x00000000   Code   RO         2241    .ARM.Collect$$rtentry$$0000000C  c_w.l(__rtentry2.o)
    0x0800027a   0x0800027a   0x00000008   Code   RO         2242    .ARM.Collect$$rtentry$$0000000D  c_w.l(__rtentry2.o)
    0x08000282   0x08000282   0x00000002   Code   RO         2406    .ARM.Collect$$rtexit$$00000000  c_w.l(rtexit.o)
    0x08000284   0x08000284   0x00000000   Code   RO         2448    .ARM.Collect$$rtexit$$00000002  c_w.l(rtexit2.o)
    0x08000284   0x08000284   0x00000004   Code   RO         2449    .ARM.Collect$$rtexit$$00000003  c_w.l(rtexit2.o)
    0x08000288   0x08000288   0x00000006   Code   RO         2450    .ARM.Collect$$rtexit$$00000004  c_w.l(rtexit2.o)
    0x0800028e   0x0800028e   0x00000002   PAD
    0x08000290   0x08000290   0x00000040   Code   RO            4    .text               startup_stm32f446xx.o
    0x080002d0   0x080002d0   0x000000ee   Code   RO         2111    .text               c_w.l(lludivv7m.o)
    0x080003be   0x080003be   0x00000002   PAD
    0x080003c0   0x080003c0   0x00000038   Code   RO         2113    .text               c_w.l(__2snprintf.o)
    0x080003f8   0x080003f8   0x00000068   Code   RO         2117    .text               c_w.l(__printf.o)
    0x08000460   0x08000460   0x00000078   Code   RO         2119    .text               c_w.l(_printf_dec.o)
    0x080004d8   0x080004d8   0x0000003c   Code   RO         2144    .text               c_w.l(__0sscanf.o)
    0x08000514   0x08000514   0x0000014c   Code   RO         2146    .text               c_w.l(_scanf_int.o)
    0x08000660   0x08000660   0x000000e0   Code   RO         2148    .text               c_w.l(_scanf_str.o)
    0x08000740   0x08000740   0x00000024   Code   RO         2150    .text               c_w.l(strstr.o)
    0x08000764   0x08000764   0x0000004e   Code   RO         2152    .text               c_w.l(rt_memclr_w.o)
    0x080007b2   0x080007b2   0x00000006   Code   RO         2154    .text               c_w.l(heapauxi.o)
    0x080007b8   0x080007b8   0x00000016   Code   RO         2191    .text               c_w.l(_rserrno.o)
    0x080007ce   0x080007ce   0x000000b2   Code   RO         2193    .text               c_w.l(_printf_intcommon.o)
    0x08000880   0x08000880   0x0000041e   Code   RO         2195    .text               c_w.l(_printf_fp_dec.o)
    0x08000c9e   0x08000c9e   0x00000002   PAD
    0x08000ca0   0x08000ca0   0x00000030   Code   RO         2197    .text               c_w.l(_printf_char_common.o)
    0x08000cd0   0x08000cd0   0x0000000a   Code   RO         2199    .text               c_w.l(_sputc.o)
    0x08000cda   0x08000cda   0x00000010   Code   RO         2201    .text               c_w.l(_snputc.o)
    0x08000cea   0x08000cea   0x0000001c   Code   RO         2204    .text               c_w.l(_chval.o)
    0x08000d06   0x08000d06   0x00000002   PAD
    0x08000d08   0x08000d08   0x000004f8   Code   RO         2206    .text               c_w.l(scanf_fp.o)
    0x08001200   0x08001200   0x0000002c   Code   RO         2208    .text               c_w.l(scanf_char.o)
    0x0800122c   0x0800122c   0x00000040   Code   RO         2210    .text               c_w.l(_sgetc.o)
    0x0800126c   0x0800126c   0x00000008   Code   RO         2255    .text               c_w.l(rt_locale_intlibspace.o)
    0x08001274   0x08001274   0x00000008   Code   RO         2260    .text               c_w.l(rt_errno_addr_intlibspace.o)
    0x0800127c   0x0800127c   0x0000008a   Code   RO         2262    .text               c_w.l(lludiv10.o)
    0x08001306   0x08001306   0x00000012   Code   RO         2264    .text               c_w.l(isspace.o)
    0x08001318   0x08001318   0x00000080   Code   RO         2266    .text               c_w.l(_printf_fp_infnan.o)
    0x08001398   0x08001398   0x00000374   Code   RO         2270    .text               c_w.l(_scanf.o)
    0x0800170c   0x0800170c   0x000000e4   Code   RO         2272    .text               c_w.l(bigflt0.o)
    0x080017f0   0x080017f0   0x00000008   Code   RO         2324    .text               c_w.l(libspace.o)
    0x080017f8   0x080017f8   0x0000004a   Code   RO         2327    .text               c_w.l(sys_stackheap_outer.o)
    0x08001842   0x08001842   0x00000002   PAD
    0x08001844   0x08001844   0x00000010   Code   RO         2329    .text               c_w.l(rt_ctype_table.o)
    0x08001854   0x08001854   0x00000320   Code   RO         2331    .text               c_w.l(scanf_hexfp.o)
    0x08001b74   0x08001b74   0x00000134   Code   RO         2333    .text               c_w.l(scanf_infnan.o)
    0x08001ca8   0x08001ca8   0x00000012   Code   RO         2335    .text               c_w.l(exit.o)
    0x08001cba   0x08001cba   0x00000002   PAD
    0x08001cbc   0x08001cbc   0x00000080   Code   RO         2341    .text               c_w.l(strcmpv7m.o)
    0x08001d3c   0x08001d3c   0x00000026   Code   RO         2410    .text               c_w.l(llshl.o)
    0x08001d62   0x08001d62   0x00000002   PAD
    0x08001d64   0x08001d64   0x0000000c   Code   RO         2445    .text               c_w.l(sys_exit.o)
    0x08001d70   0x08001d70   0x00000002   Code   RO         2469    .text               c_w.l(use_no_semi.o)
    0x08001d72   0x08001d72   0x00000000   Code   RO         2471    .text               c_w.l(indicate_semi.o)
    0x08001d72   0x08001d72   0x0000003e   Code   RO         2275    CL$$btod_d2e        c_w.l(btod.o)
    0x08001db0   0x08001db0   0x00000046   Code   RO         2277    CL$$btod_d2e_denorm_low  c_w.l(btod.o)
    0x08001df6   0x08001df6   0x00000060   Code   RO         2276    CL$$btod_d2e_norm_op1  c_w.l(btod.o)
    0x08001e56   0x08001e56   0x00000338   Code   RO         2285    CL$$btod_div_common  c_w.l(btod.o)
    0x0800218e   0x0800218e   0x00000002   PAD
    0x08002190   0x08002190   0x00000084   Code   RO         2283    CL$$btod_e2d        c_w.l(btod.o)
    0x08002214   0x08002214   0x000000dc   Code   RO         2282    CL$$btod_e2e        c_w.l(btod.o)
    0x080022f0   0x080022f0   0x0000002a   Code   RO         2279    CL$$btod_ediv       c_w.l(btod.o)
    0x0800231a   0x0800231a   0x0000002a   Code   RO         2281    CL$$btod_edivd      c_w.l(btod.o)
    0x08002344   0x08002344   0x0000002a   Code   RO         2278    CL$$btod_emul       c_w.l(btod.o)
    0x0800236e   0x0800236e   0x0000002a   Code   RO         2280    CL$$btod_emuld      c_w.l(btod.o)
    0x08002398   0x08002398   0x00000244   Code   RO         2284    CL$$btod_mult_common  c_w.l(btod.o)
    0x080025dc   0x080025dc   0x00000002   Code   RO          233    i.BusFault_Handler  stm32f4xx_it.o
    0x080025de   0x080025de   0x00000002   Code   RO          234    i.DebugMon_Handler  stm32f4xx_it.o
    0x080025e0   0x080025e0   0x00000004   Code   RO           13    i.Error_Handler     main.o
    0x080025e4   0x080025e4   0x00000040   Code   RO          339    i.GPS_CallBack      gps.o
    0x08002624   0x08002624   0x0000002c   Code   RO          340    i.GPS_Init          gps.o
    0x08002650   0x08002650   0x00000054   Code   RO          343    i.GPS_Parse_GNRMC   gps.o
    0x080026a4   0x080026a4   0x00000090   Code   RO          345    i.GPS_Process       gps.o
    0x08002734   0x08002734   0x00000092   Code   RO         1386    i.HAL_DMA_Abort     stm32f4xx_hal_dma.o
    0x080027c6   0x080027c6   0x00000024   Code   RO         1387    i.HAL_DMA_Abort_IT  stm32f4xx_hal_dma.o
    0x080027ea   0x080027ea   0x00000002   PAD
    0x080027ec   0x080027ec   0x000001dc   Code   RO         1279    i.HAL_GPIO_Init     stm32f4xx_hal_gpio.o
    0x080029c8   0x080029c8   0x0000000a   Code   RO         1283    i.HAL_GPIO_WritePin  stm32f4xx_hal_gpio.o
    0x080029d2   0x080029d2   0x00000002   PAD
    0x080029d4   0x080029d4   0x0000000c   Code   RO         1829    i.HAL_GetTick       stm32f4xx_hal.o
    0x080029e0   0x080029e0   0x00000010   Code   RO         1835    i.HAL_IncTick       stm32f4xx_hal.o
    0x080029f0   0x080029f0   0x00000034   Code   RO         1836    i.HAL_Init          stm32f4xx_hal.o
    0x08002a24   0x08002a24   0x00000040   Code   RO         1837    i.HAL_InitTick      stm32f4xx_hal.o
    0x08002a64   0x08002a64   0x00000030   Code   RO          315    i.HAL_MspInit       stm32f4xx_hal_msp.o
    0x08002a94   0x08002a94   0x0000001a   Code   RO         1686    i.HAL_NVIC_EnableIRQ  stm32f4xx_hal_cortex.o
    0x08002aae   0x08002aae   0x00000002   PAD
    0x08002ab0   0x08002ab0   0x00000040   Code   RO         1692    i.HAL_NVIC_SetPriority  stm32f4xx_hal_cortex.o
    0x08002af0   0x08002af0   0x00000024   Code   RO         1693    i.HAL_NVIC_SetPriorityGrouping  stm32f4xx_hal_cortex.o
    0x08002b14   0x08002b14   0x00000070   Code   RO         1615    i.HAL_PWREx_EnableOverDrive  stm32f4xx_hal_pwr_ex.o
    0x08002b84   0x08002b84   0x00000134   Code   RO          841    i.HAL_RCC_ClockConfig  stm32f4xx_hal_rcc.o
    0x08002cb8   0x08002cb8   0x00000020   Code   RO          848    i.HAL_RCC_GetPCLK1Freq  stm32f4xx_hal_rcc.o
    0x08002cd8   0x08002cd8   0x00000020   Code   RO          849    i.HAL_RCC_GetPCLK2Freq  stm32f4xx_hal_rcc.o
    0x08002cf8   0x08002cf8   0x00000098   Code   RO          952    i.HAL_RCC_GetSysClockFreq  stm32f4xx_hal_rcc_ex.o
    0x08002d90   0x08002d90   0x00000398   Code   RO          953    i.HAL_RCC_OscConfig  stm32f4xx_hal_rcc_ex.o
    0x08003128   0x08003128   0x00000028   Code   RO         1697    i.HAL_SYSTICK_Config  stm32f4xx_hal_cortex.o
    0x08003150   0x08003150   0x00000002   Code   RO          494    i.HAL_UARTEx_RxEventCallback  stm32f4xx_hal_uart.o
    0x08003152   0x08003152   0x00000002   Code   RO          508    i.HAL_UART_ErrorCallback  stm32f4xx_hal_uart.o
    0x08003154   0x08003154   0x00000268   Code   RO          511    i.HAL_UART_IRQHandler  stm32f4xx_hal_uart.o
    0x080033bc   0x080033bc   0x00000062   Code   RO          512    i.HAL_UART_Init     stm32f4xx_hal_uart.o
    0x0800341e   0x0800341e   0x00000002   PAD
    0x08003420   0x08003420   0x000000b8   Code   RO          186    i.HAL_UART_MspInit  usart.o
    0x080034d8   0x080034d8   0x0000002a   Code   RO          517    i.HAL_UART_Receive_IT  stm32f4xx_hal_uart.o
    0x08003502   0x08003502   0x00000004   Code   RO           14    i.HAL_UART_RxCpltCallback  main.o
    0x08003506   0x08003506   0x00000002   PAD
    0x08003508   0x08003508   0x000000b2   Code   RO          520    i.HAL_UART_Transmit  stm32f4xx_hal_uart.o
    0x080035ba   0x080035ba   0x00000002   Code   RO          523    i.HAL_UART_TxCpltCallback  stm32f4xx_hal_uart.o
    0x080035bc   0x080035bc   0x00000002   Code   RO          235    i.HardFault_Handler  stm32f4xx_it.o
    0x080035be   0x080035be   0x00000002   PAD
    0x080035c0   0x080035c0   0x0000005c   Code   RO          161    i.MX_GPIO_Init      gpio.o
    0x0800361c   0x0800361c   0x00000038   Code   RO          187    i.MX_UART4_Init     usart.o
    0x08003654   0x08003654   0x00000038   Code   RO          188    i.MX_USART2_UART_Init  usart.o
    0x0800368c   0x0800368c   0x00000002   Code   RO          236    i.MemManage_Handler  stm32f4xx_it.o
    0x0800368e   0x0800368e   0x00000002   Code   RO          237    i.NMI_Handler       stm32f4xx_it.o
    0x08003690   0x08003690   0x00000002   Code   RO          238    i.PendSV_Handler    stm32f4xx_it.o
    0x08003692   0x08003692   0x00000002   PAD
    0x08003694   0x08003694   0x00000054   Code   RO          348    i.Print_GPS_Data    gps.o
    0x080036e8   0x080036e8   0x00000002   Code   RO          239    i.SVC_Handler       stm32f4xx_it.o
    0x080036ea   0x080036ea   0x00000004   Code   RO          240    i.SysTick_Handler   stm32f4xx_it.o
    0x080036ee   0x080036ee   0x00000002   PAD
    0x080036f0   0x080036f0   0x0000009c   Code   RO           15    i.SystemClock_Config  main.o
    0x0800378c   0x0800378c   0x0000001c   Code   RO         2075    i.SystemInit        system_stm32f4xx.o
    0x080037a8   0x080037a8   0x00000010   Code   RO          525    i.UART_DMAAbortOnError  stm32f4xx_hal_uart.o
    0x080037b8   0x080037b8   0x0000004e   Code   RO          535    i.UART_EndRxTransfer  stm32f4xx_hal_uart.o
    0x08003806   0x08003806   0x000000c0   Code   RO          537    i.UART_Receive_IT   stm32f4xx_hal_uart.o
    0x080038c6   0x080038c6   0x00000002   PAD
    0x080038c8   0x080038c8   0x0000010c   Code   RO          538    i.UART_SetConfig    stm32f4xx_hal_uart.o
    0x080039d4   0x080039d4   0x00000036   Code   RO          540    i.UART_Start_Receive_IT  stm32f4xx_hal_uart.o
    0x08003a0a   0x08003a0a   0x00000078   Code   RO          541    i.UART_WaitOnFlagUntilTimeout  stm32f4xx_hal_uart.o
    0x08003a82   0x08003a82   0x00000002   PAD
    0x08003a84   0x08003a84   0x0000000c   Code   RO          241    i.USART2_IRQHandler  stm32f4xx_it.o
    0x08003a90   0x08003a90   0x00000002   Code   RO          242    i.UsageFault_Handler  stm32f4xx_it.o
    0x08003a92   0x08003a92   0x00000030   Code   RO         2314    i.__ARM_fpclassify  m_wm.l(fpclassify.o)
    0x08003ac2   0x08003ac2   0x00000020   Code   RO         1699    i.__NVIC_SetPriority  stm32f4xx_hal_cortex.o
    0x08003ae2   0x08003ae2   0x00000006   PAD
    0x08003ae8   0x08003ae8   0x000000f8   Code   RO         2316    i.__hardfp___mathlib_tofloat  m_wm.l(narrow.o)
    0x08003be0   0x08003be0   0x00000104   Code   RO         2174    i.__hardfp_fmod     m_wm.l(fmod.o)
    0x08003ce4   0x08003ce4   0x00000004   PAD
    0x08003ce8   0x08003ce8   0x000000d0   Code   RO         2429    i.__hardfp_ldexp    m_wm.l(ldexp.o)
    0x08003db8   0x08003db8   0x00000020   Code   RO         2224    i.__mathlib_dbl_invalid  m_wm.l(dunder.o)
    0x08003dd8   0x08003dd8   0x00000020   Code   RO         2225    i.__mathlib_dbl_overflow  m_wm.l(dunder.o)
    0x08003df8   0x08003df8   0x00000020   Code   RO         2227    i.__mathlib_dbl_underflow  m_wm.l(dunder.o)
    0x08003e18   0x08003e18   0x00000012   Code   RO         2317    i.__mathlib_narrow  m_wm.l(narrow.o)
    0x08003e2a   0x08003e2a   0x00000014   Code   RO         2431    i.__support_ldexp   m_wm.l(ldexp.o)
    0x08003e3e   0x08003e3e   0x0000000e   Code   RO         2131    i._is_digit         c_w.l(__printf_wp.o)
    0x08003e4c   0x08003e4c   0x00000070   Code   RO          349    i.convertDegMinToDecDeg  gps.o
    0x08003ebc   0x08003ebc   0x00000004   PAD
    0x08003ec0   0x08003ec0   0x0000008c   Code   RO         2402    i.frexp             m_wm.l(frexp.o)
    0x08003f4c   0x08003f4c   0x00000064   Code   RO           16    i.main              main.o
    0x08003fb0   0x08003fb0   0x0000002c   Code   RO         2298    locale$$code        c_w.l(lc_numeric_c.o)
    0x08003fdc   0x08003fdc   0x0000002c   Code   RO         2413    locale$$code        c_w.l(lc_ctype_c.o)
    0x08004008   0x08004008   0x00000062   Code   RO         2394    x$fpl$d2f           fz_wm.l(d2f.o)
    0x0800406a   0x0800406a   0x00000002   PAD
    0x0800406c   0x0800406c   0x00000150   Code   RO         2158    x$fpl$dadd          fz_wm.l(daddsub_clz.o)
    0x080041bc   0x080041bc   0x00000010   Code   RO         2483    x$fpl$dcheck1       fz_wm.l(dcheck1.o)
    0x080041cc   0x080041cc   0x00000018   Code   RO         2421    x$fpl$dcmpinf       fz_wm.l(dcmpi.o)
    0x080041e4   0x080041e4   0x000002b0   Code   RO         2165    x$fpl$ddiv          fz_wm.l(ddiv.o)
    0x08004494   0x08004494   0x00000078   Code   RO         2396    x$fpl$deqf          fz_wm.l(deqf.o)
    0x0800450c   0x0800450c   0x00000078   Code   RO         2423    x$fpl$dleqf         fz_wm.l(dleqf.o)
    0x08004584   0x08004584   0x00000154   Code   RO         2300    x$fpl$dmul          fz_wm.l(dmul.o)
    0x080046d8   0x080046d8   0x0000009c   Code   RO         2212    x$fpl$dnaninf       fz_wm.l(dnaninf.o)
    0x08004774   0x08004774   0x00000150   Code   RO         2214    x$fpl$drem          fz_wm.l(drem_clz.o)
    0x080048c4   0x080048c4   0x0000000c   Code   RO         2216    x$fpl$dretinf       fz_wm.l(dretinf.o)
    0x080048d0   0x080048d0   0x0000006c   Code   RO         2398    x$fpl$drleqf        fz_wm.l(drleqf.o)
    0x0800493c   0x0800493c   0x00000016   Code   RO         2159    x$fpl$drsb          fz_wm.l(daddsub_clz.o)
    0x08004952   0x08004952   0x00000002   PAD
    0x08004954   0x08004954   0x000001d4   Code   RO         2160    x$fpl$dsub          fz_wm.l(daddsub_clz.o)
    0x08004b28   0x08004b28   0x00000056   Code   RO         2168    x$fpl$f2d           fz_wm.l(f2d.o)
    0x08004b7e   0x08004b7e   0x0000008c   Code   RO         2218    x$fpl$fnaninf       fz_wm.l(fnaninf.o)
    0x08004c0a   0x08004c0a   0x0000000a   Code   RO         2425    x$fpl$fpinit        fz_wm.l(fpinit.o)
    0x08004c14   0x08004c14   0x0000000a   Code   RO         2427    x$fpl$fretinf       fz_wm.l(fretinf.o)
    0x08004c1e   0x08004c1e   0x00000006   Code   RO         2306    x$fpl$ieeestatus    fz_wm.l(istatus.o)
    0x08004c24   0x08004c24   0x00000004   Code   RO         2170    x$fpl$printf1       fz_wm.l(printf1.o)
    0x08004c28   0x08004c28   0x00000064   Code   RO         2517    x$fpl$retnan        fz_wm.l(retnan.o)
    0x08004c8c   0x08004c8c   0x0000005c   Code   RO         2462    x$fpl$scalbn        fz_wm.l(scalbn.o)
    0x08004ce8   0x08004ce8   0x00000004   Code   RO         2172    x$fpl$scanf1        fz_wm.l(scanf1.o)
    0x08004cec   0x08004cec   0x00000008   Code   RO         2308    x$fpl$scanf2        fz_wm.l(scanf2.o)
    0x08004cf4   0x08004cf4   0x00000030   Code   RO         2519    x$fpl$trapveneer    fz_wm.l(trapv.o)
    0x08004d24   0x08004d24   0x00000000   Code   RO         2220    x$fpl$usenofp       fz_wm.l(usenofp.o)
    0x08004d24   0x08004d24   0x00000010   Data   RO         2076    .constdata          system_stm32f4xx.o
    0x08004d34   0x08004d34   0x00000008   Data   RO         2077    .constdata          system_stm32f4xx.o
    0x08004d3c   0x08004d3c   0x00000094   Data   RO         2273    .constdata          c_w.l(bigflt0.o)
    0x08004dd0   0x08004dd0   0x0000004b   Data   RO          351    .conststring        gps.o
    0x08004e1b   0x08004e1b   0x00000001   PAD
    0x08004e1c   0x08004e1c   0x00000020   Data   RO         2521    Region$$Table       anon$$obj.o
    0x08004e3c   0x08004e3c   0x00000008   Data   RO         2302    c$$dinf             fz_wm.l(fpconst.o)
    0x08004e44   0x08004e44   0x00000008   Data   RO         2305    c$$dmax             fz_wm.l(fpconst.o)
    0x08004e4c   0x08004e4c   0x0000001c   Data   RO         2297    locale$$data        c_w.l(lc_numeric_c.o)
    0x08004e68   0x08004e68   0x00000110   Data   RO         2412    locale$$data        c_w.l(lc_ctype_c.o)


    Execution Region RW_IRAM1 (Exec base: 0x20000000, Load base: 0x08004f78, Size: 0x00000960, Max: 0x00020000, ABSOLUTE)

    Exec Addr    Load Addr    Size         Type   Attr      Idx    E Section Name        Object

    0x20000000   0x08004f78   0x00000013   Data   RW           17    .data               main.o
    0x20000013   0x08004f8b   0x00000001   PAD
    0x20000014   0x08004f8c   0x0000000c   Data   RW         1843    .data               stm32f4xx_hal.o
    0x20000020   0x08004f98   0x00000004   Data   RW         2078    .data               system_stm32f4xx.o
    0x20000024        -       0x00000088   Zero   RW          189    .bss                usart.o
    0x200000ac   0x08004f9c   0x00000004   PAD
    0x200000b0        -       0x00000250   Zero   RW          350    .bss                gps.o
    0x20000300        -       0x00000060   Zero   RW         2325    .bss                c_w.l(libspace.o)
    0x20000360        -       0x00000200   Zero   RW            2    HEAP                startup_stm32f446xx.o
    0x20000560        -       0x00000400   Zero   RW            1    STACK               startup_stm32f446xx.o


==============================================================================

Image component sizes


      Code (inc. data)   RO Data    RW Data    ZI Data      Debug   Object Name

        92          8          0          0          0        883   gpio.o
       532         96         75          0        592       5171   gps.o
       264         22          0         19          0     682481   main.o
        64         26        452          0       1536        844   startup_stm32f446xx.o
       144         24          0         12          0       8641   stm32f4xx_hal.o
       198         14          0          0          0      33979   stm32f4xx_hal_cortex.o
       182          0          0          0          0       2103   stm32f4xx_hal_dma.o
       486         40          0          0          0       2192   stm32f4xx_hal_gpio.o
        48          6          0          0          0        858   stm32f4xx_hal_msp.o
       112         14          0          0          0       1292   stm32f4xx_hal_pwr_ex.o
       372         44          0          0          0       2902   stm32f4xx_hal_rcc.o
      1072         32          0          0          0       2810   stm32f4xx_hal_rcc_ex.o
      1668         16          0          0          0      11372   stm32f4xx_hal_uart.o
        32          6          0          0          0       4658   stm32f4xx_it.o
        28          6         24          4          0       1163   system_stm32f4xx.o
       296         34          0          0        136       2457   usart.o

    ----------------------------------------------------------------------
      5620        392        584         36       2268     763806   Object Totals
         0          0         32          0          0          0   (incl. Generated)
        30          4          1          1          4          0   (incl. Padding)

    ----------------------------------------------------------------------

      Code (inc. data)   RO Data    RW Data    ZI Data      Debug   Library Member Name

        60          8          0          0          0         84   __0sscanf.o
        56          6          0          0          0         88   __2snprintf.o
         8          0          0          0          0         68   __main.o
       104          0          0          0          0         84   __printf.o
        14          0          0          0          0         68   __printf_wp.o
         0          0          0          0          0          0   __rtentry.o
        12          0          0          0          0          0   __rtentry2.o
         6          0          0          0          0          0   __rtentry4.o
        52          8          0          0          0          0   __scatter.o
        26          0          0          0          0          0   __scatter_copy.o
        28          0          0          0          0          0   __scatter_zi.o
        28          0          0          0          0         68   _chval.o
        48          6          0          0          0         96   _printf_char_common.o
         6          0          0          0          0          0   _printf_d.o
       120         16          0          0          0         92   _printf_dec.o
         6          0          0          0          0          0   _printf_f.o
      1054          0          0          0          0        216   _printf_fp_dec.o
       128         16          0          0          0         84   _printf_fp_infnan.o
       178          0          0          0          0         88   _printf_intcommon.o
         0          0          0          0          0          0   _printf_percent.o
         4          0          0          0          0          0   _printf_percent_end.o
        22          0          0          0          0        100   _rserrno.o
       884          6          0          0          0        100   _scanf.o
       332          0          0          0          0         96   _scanf_int.o
       224          0          0          0          0         96   _scanf_str.o
        64          0          0          0          0         84   _sgetc.o
        16          0          0          0          0         68   _snputc.o
        10          0          0          0          0         68   _sputc.o
       228          4        148          0          0         96   bigflt0.o
      2152        136          0          0          0        960   btod.o
        18          0          0          0          0         80   exit.o
         6          0          0          0          0        152   heapauxi.o
         0          0          0          0          0          0   indicate_semi.o
        18          0          0          0          0         76   isspace.o
        44         10        272          0          0         76   lc_ctype_c.o
        44         10         28          0          0         76   lc_numeric_c.o
         2          0          0          0          0          0   libinit.o
        34          0          0          0          0          0   libinit2.o
         2          0          0          0          0          0   libshutdown.o
         2          0          0          0          0          0   libshutdown2.o
         8          4          0          0         96         68   libspace.o
        38          0          0          0          0         68   llshl.o
       138          0          0          0          0         80   lludiv10.o
       238          0          0          0          0        100   lludivv7m.o
        16          4          0          0          0         76   rt_ctype_table.o
         8          4          0          0          0         68   rt_errno_addr_intlibspace.o
         8          4          0          0          0         68   rt_locale_intlibspace.o
        78          0          0          0          0         80   rt_memclr_w.o
         2          0          0          0          0          0   rtexit.o
        10          0          0          0          0          0   rtexit2.o
        44          8          0          0          0         84   scanf_char.o
      1272         16          0          0          0        168   scanf_fp.o
       800         14          0          0          0        100   scanf_hexfp.o
       308         16          0          0          0        100   scanf_infnan.o
       128          0          0          0          0         68   strcmpv7m.o
        36          0          0          0          0         80   strstr.o
        12          4          0          0          0         68   sys_exit.o
        74          0          0          0          0         80   sys_stackheap_outer.o
         2          0          0          0          0         68   use_no_semi.o
        98          4          0          0          0        140   d2f.o
       826         16          0          0          0        492   daddsub_clz.o
        16          4          0          0          0        116   dcheck1.o
        24          0          0          0          0        116   dcmpi.o
       688        140          0          0          0        256   ddiv.o
       120          4          0          0          0        140   deqf.o
       120          4          0          0          0        140   dleqf.o
       340         12          0          0          0        152   dmul.o
       156          4          0          0          0        140   dnaninf.o
       336         12          0          0          0        136   drem_clz.o
        12          0          0          0          0        116   dretinf.o
       108          0          0          0          0        128   drleqf.o
        86          4          0          0          0        132   f2d.o
       140          4          0          0          0        132   fnaninf.o
         0          0         16          0          0          0   fpconst.o
        10          0          0          0          0        116   fpinit.o
        10          0          0          0          0        116   fretinf.o
         6          0          0          0          0        116   istatus.o
         4          0          0          0          0        116   printf1.o
       100          0          0          0          0        116   retnan.o
        92          0          0          0          0        116   scalbn.o
         4          0          0          0          0        116   scanf1.o
         8          0          0          0          0        132   scanf2.o
        48          0          0          0          0        116   trapv.o
         0          0          0          0          0          0   usenofp.o
        96         24          0          0          0        372   dunder.o
       260          6          0          0          0        144   fmod.o
        48          0          0          0          0        124   fpclassify.o
       140         22          0          0          0        132   frexp.o
       228          8          0          0          0        308   ldexp.o
       266         16          0          0          0        308   narrow.o

    ----------------------------------------------------------------------
     13676        590        464          0         96       9372   Library Totals
        26          6          0          0          0          0   (incl. Padding)

    ----------------------------------------------------------------------

      Code (inc. data)   RO Data    RW Data    ZI Data      Debug   Library Name

      9260        300        448          0         96       4588   c_w.l
      3352        208         16          0          0       3396   fz_wm.l
      1038         76          0          0          0       1388   m_wm.l

    ----------------------------------------------------------------------
     13676        590        464          0         96       9372   Library Totals

    ----------------------------------------------------------------------

==============================================================================


      Code (inc. data)   RO Data    RW Data    ZI Data      Debug   

     19296        982       1048         36       2364     762130   Grand Totals
     19296        982       1048         36       2364     762130   ELF Image Totals
     19296        982       1048         36          0          0   ROM Totals

==============================================================================

    Total RO  Size (Code + RO Data)                20344 (  19.87kB)
    Total RW  Size (RW Data + ZI Data)              2400 (   2.34kB)
    Total ROM Size (Code + RO Data + RW Data)      20380 (  19.90kB)

==============================================================================

